==========================================
rewrite [100] in TEST-THERMOSTAT-SYSTEM : {{initState,0}} .
rewrites: 184335
result GlobalSystem: {{< Thermostat2ConimplInstance : System | properties : ((
    TimingProperties::Period => {{10}}) ; (HybridSynchAADL::Synchronous => {{(
    true).Bool}}) ; HybridSynchAADL::MaxClockDeviation => {{
    1.0000000000000001e-1}}),features : none,subcomponents : (< console :
    System | properties : ((TimingProperties::Period => {{10}}) ; (
    HybridSynchAADL::Synchronous => {{(true).Bool}}) ;
    HybridSynchAADL::MaxClockDeviation => {{1.0000000000000001e-1}}),features :
    (< tempmax : DataOutPort | properties : DataModel::InitialValue => {{50}},
    content : [5.0e+1] # [(true).Bool] > < tempmin : DataOutPort | properties :
    DataModel::InitialValue => {{20}},content : [2.0e+1] # [(true).Bool] >),
    subcomponents : < consoleProc : Process | properties : ((
    TimingProperties::Period => {{10}}) ; HybridSynchAADL::Synchronous => {{(
    true).Bool}}),features : (< tempmax : DataOutPort | properties : none,
    content : [0.0] # [(false).Bool] > < tempmin : DataOutPort | properties :
    none,content : [0.0] # [(false).Bool] >),subcomponents : < consoleThread :
    Thread | properties : ((TimingProperties::Period => {{10}}) ;
    HybridSynchAADL::Synchronous => {{(true).Bool}}),features : (< tempmax :
    DataOutPort | properties : none,content : [0.0] # [(false).Bool] > <
    tempmin : DataOutPort | properties : none,content : [0.0] # [(false).Bool]
    >),subcomponents : none,connections : empty,varGen : <
    "Thermostat2ConimplInstance.console.consoleProc.consoleThread" >,currState
    : idle,completeStates : idle,variables : empty,transitions : ((select -[[[(
    true).Bool]]]-> idle {(f{tempmax} := [[50]]) ; f{tempmin} := [[20]]}) ;
    idle -[on dispatch]-> select {skip}),loopBound : 10,transBound : 10 >,
    connections : (((consoleThread .. tempmax) --> tempmax) ; (consoleThread ..
    tempmin) --> tempmin) >,connections : (((consoleProc .. tempmax) -->
    tempmax) ; (consoleProc .. tempmin) --> tempmin) > < environment :
    EnvWithTimer | properties : ((TimingProperties::Period => {{10}}) ; (
    HybridSynchAADL::Synchronous => {{(true).Bool}}) ;
    HybridSynchAADL::MaxClockDeviation => {{1.0000000000000001e-1}}),features :
    (< offheater2 : EnvInPort | properties : none,content : * # [(false).Bool],
    envCache : null(Unit) > < offheater1 : EnvInPort | properties : none,
    content : * # [(false).Bool],envCache : null(Unit) > < onheater1 :
    EnvInPort | properties : none,content : * # [(false).Bool],envCache : null(
    Unit) > < onheater2 : EnvInPort | properties : none,content : * # [(
    false).Bool],envCache : null(Unit) > < temp2 : EnvOutPort | properties :
    none,content : [0.0] # [(false).Bool],envCache : null(Real),target :
    controller2 > < temp1 : EnvOutPort | properties : none,content : [0.0] # [(
    false).Bool],envCache : null(Real),target : controller1 >),subcomponents :
    (< x : Data | properties : DataModel::InitialValue => {{15}},features :
    none,subcomponents : none,connections : empty,value : [-3.3417400605850496]
    # [(true).Bool] > < y : Data | properties : DataModel::InitialValue => {{
    15}},features : none,subcomponents : none,connections : empty,value : [
    -3.3417400605850496] # [(true).Bool] >),connections : ((x ==> temp1) ; y
    ==> temp2),varGen : < "Thermostat2ConimplInstance.environment" >,currMode :
    s00,jumps : ((s00 -[onheater1]-> s10) ; (s00 -[onheater2]-> s01) ; (s11 -[
    offheater2]-> s10) ; (s11 -[offheater1]-> s01) ; (s10 -[offheater1]-> s00)
    ; (s10 -[onheater2]-> s11) ; (s01 -[offheater2]-> s00) ; s01 -[onheater1]->
    s11),flows : ((s00 [(x(t)= (([[1.0000000000000001e-1]] * minus([[3.0e+1]]))
    * v[t])) ; y(s)= (([[1.0000000000000001e-1]] * minus([[3.0e+1]])) * v[s])])
    ; (s11 [(x(t)= ([[1.0000000000000001e-1]] * ((([[4.5e+1]] + [[3.0e+1]]) *
    v[t]) - [[3.0e+1]]))) ; y(s)= ([[1.0000000000000001e-1]] * ((([[4.5e+1]] +
    [[3.0e+1]]) * v[s]) - [[3.0e+1]]))]) ; (s10 [(x(t)= ([[
    1.0000000000000001e-1]] * ((([[4.5e+1]] + [[3.0e+1]]) * v[t]) - [[
    3.0e+1]]))) ; y(s)= ([[1.0000000000000001e-1]] * (([[4.5e+1]] * v[s]) - [[
    3.0e+1]]))]) ; s01 [(x(t)= ([[1.0000000000000001e-1]] * (([[4.5e+1]] * v[
    t]) - [[3.0e+1]]))) ; y(s)= ([[1.0000000000000001e-1]] * ((([[4.5e+1]] + [[
    3.0e+1]]) * v[s]) - [[3.0e+1]]))]),sampling : (controller2 :(2,4),
    controller1 :(1,5)),response : (controller2 :(6,8), controller1 :(7,9)),
    timer : 0,samplingIDs : (controller2 controller1),responseIDs : (
    controller2 controller1) > < controller2 : System | properties : ((
    TimingProperties::Period => {{10}}) ; (HybridSynchAADL::Synchronous => {{(
    true).Bool}}) ; (HybridSynchAADL::MaxClockDeviation => {{
    1.0000000000000001e-1}}) ; (HybridSynchAADL::SamplingTime => {{2.0 ..
    4.0}}) ; HybridSynchAADL::ResponseTime => {{6.0 .. 8.0}}),features : (<
    tempmax : DataInPort | properties : none,content : [0.0] # [(false).Bool],
    cache : [0.0] # [(false).Bool] > < currtemp : DataInPort | properties :
    none,content : [0.0] # [(false).Bool],cache : [0.0] # [(false).Bool] > <
    offcontrol : DataOutPort | properties : none,content : * # [(false).Bool] >
    < oncontrol : DataOutPort | properties : none,content : * # [(false).Bool]
    > < tempmin : DataInPort | properties : none,content : [0.0] # [(
    false).Bool],cache : [0.0] # [(false).Bool] >),subcomponents : < ctrlProc :
    Process | properties : ((TimingProperties::Period => {{10}}) ;
    HybridSynchAADL::Synchronous => {{(true).Bool}}),features : (< tempmax :
    DataInPort | properties : none,content : [0.0] # [(false).Bool],cache : [
    0.0] # [(false).Bool] > < currtemp : DataInPort | properties : none,content
    : [0.0] # [(false).Bool],cache : [0.0] # [(false).Bool] > < offcontrol :
    DataOutPort | properties : none,content : * # [(false).Bool] > < oncontrol
    : DataOutPort | properties : none,content : * # [(false).Bool] > < tempmin
    : DataInPort | properties : none,content : [0.0] # [(false).Bool],cache : [
    0.0] # [(false).Bool] >),subcomponents : < ctrlThread : Thread | properties
    : ((TimingProperties::Period => {{10}}) ; (HybridSynchAADL::Synchronous =>
    {{(true).Bool}}) ; (HybridSynchAADL::SamplingTime => {{2.0 .. 4.0}}) ;
    HybridSynchAADL::ResponseTime => {{6.0 .. 8.0}}),features : (< tempmax :
    DataInPort | properties : none,content : [0.0] # [(false).Bool],cache : [
    5.0e+1] # [(true).Bool] > < currtemp : DataInPort | properties : none,
    content : [0.0] # [(false).Bool],cache : [-8.9295992871582506] # [(
    true).Bool] > < offcontrol : DataOutPort | properties : none,content : * #
    [(false).Bool] > < oncontrol : DataOutPort | properties : none,content : *
    # [(false).Bool] > < tempmin : DataInPort | properties : none,content : [
    0.0] # [(false).Bool],cache : [2.0e+1] # [(true).Bool] >),subcomponents :
    none,connections : empty,varGen : <
    "Thermostat2ConimplInstance.controller2.ctrlProc.ctrlThread" >,currState :
    init,completeStates : init,variables : empty,transitions : init -[on
    dispatch]-> init {if(f[currtemp] > f[tempmax]){offcontrol !} (elsif(f[
    currtemp] < f[tempmin]){oncontrol !}) end if},loopBound : 10,transBound :
    10 >,connections : ((tempmax --> (ctrlThread .. tempmax)) ; (currtemp --> (
    ctrlThread .. currtemp)) ; (tempmin --> (ctrlThread .. tempmin)) ; ((
    ctrlThread .. offcontrol) --> offcontrol) ; (ctrlThread .. oncontrol) -->
    oncontrol) >,connections : ((tempmax --> (ctrlProc .. tempmax)) ; (currtemp
    --> (ctrlProc .. currtemp)) ; (tempmin --> (ctrlProc .. tempmin)) ; ((
    ctrlProc .. offcontrol) --> offcontrol) ; (ctrlProc .. oncontrol) -->
    oncontrol) > < controller1 : System | properties : ((
    TimingProperties::Period => {{10}}) ; (HybridSynchAADL::Synchronous => {{(
    true).Bool}}) ; (HybridSynchAADL::MaxClockDeviation => {{
    1.0000000000000001e-1}}) ; (HybridSynchAADL::SamplingTime => {{1.0 ..
    5.0}}) ; HybridSynchAADL::ResponseTime => {{7.0 .. 9.0}}),features : (<
    tempmax : DataInPort | properties : none,content : [0.0] # [(false).Bool],
    cache : [0.0] # [(false).Bool] > < currtemp : DataInPort | properties :
    none,content : [0.0] # [(false).Bool],cache : [0.0] # [(false).Bool] > <
    offcontrol : DataOutPort | properties : none,content : * # [(false).Bool] >
    < oncontrol : DataOutPort | properties : none,content : * # [(false).Bool]
    > < tempmin : DataInPort | properties : none,content : [0.0] # [(
    false).Bool],cache : [0.0] # [(false).Bool] >),subcomponents : < ctrlProc :
    Process | properties : ((TimingProperties::Period => {{10}}) ;
    HybridSynchAADL::Synchronous => {{(true).Bool}}),features : (< tempmax :
    DataInPort | properties : none,content : [0.0] # [(false).Bool],cache : [
    0.0] # [(false).Bool] > < currtemp : DataInPort | properties : none,content
    : [0.0] # [(false).Bool],cache : [0.0] # [(false).Bool] > < offcontrol :
    DataOutPort | properties : none,content : * # [(false).Bool] > < oncontrol
    : DataOutPort | properties : none,content : * # [(false).Bool] > < tempmin
    : DataInPort | properties : none,content : [0.0] # [(false).Bool],cache : [
    0.0] # [(false).Bool] >),subcomponents : < ctrlThread : Thread | properties
    : ((TimingProperties::Period => {{10}}) ; (HybridSynchAADL::Synchronous =>
    {{(true).Bool}}) ; (HybridSynchAADL::SamplingTime => {{1.0 .. 5.0}}) ;
    HybridSynchAADL::ResponseTime => {{7.0 .. 9.0}}),features : (< tempmax :
    DataInPort | properties : none,content : [0.0] # [(false).Bool],cache : [
    5.0e+1] # [(true).Bool] > < currtemp : DataInPort | properties : none,
    content : [0.0] # [(false).Bool],cache : [-2.613291722937416] # [(
    true).Bool] > < offcontrol : DataOutPort | properties : none,content : * #
    [(false).Bool] > < oncontrol : DataOutPort | properties : none,content : *
    # [(false).Bool] > < tempmin : DataInPort | properties : none,content : [
    0.0] # [(false).Bool],cache : [2.0e+1] # [(true).Bool] >),subcomponents :
    none,connections : empty,varGen : <
    "Thermostat2ConimplInstance.controller1.ctrlProc.ctrlThread" >,currState :
    init,completeStates : init,variables : empty,transitions : init -[on
    dispatch]-> init {if(f[currtemp] > f[tempmax]){offcontrol !} (elsif(f[
    currtemp] < f[tempmin]){oncontrol !}) end if},loopBound : 10,transBound :
    10 >,connections : ((tempmax --> (ctrlThread .. tempmax)) ; (currtemp --> (
    ctrlThread .. currtemp)) ; (tempmin --> (ctrlThread .. tempmin)) ; ((
    ctrlThread .. offcontrol) --> offcontrol) ; (ctrlThread .. oncontrol) -->
    oncontrol) >,connections : ((tempmax --> (ctrlProc .. tempmax)) ; (currtemp
    --> (ctrlProc .. currtemp)) ; (tempmin --> (ctrlProc .. tempmin)) ; ((
    ctrlProc .. offcontrol) --> offcontrol) ; (ctrlProc .. oncontrol) -->
    oncontrol) >),connections : (((console .. tempmax) --> (controller2 ..
    tempmax)) ; ((console .. tempmax) --> (controller1 .. tempmax)) ; ((console
    .. tempmin) --> (controller2 .. tempmin)) ; ((console .. tempmin) --> (
    controller1 .. tempmin)) ; ((environment .. temp2) --> (controller2 ..
    currtemp)) ; ((environment .. temp1) --> (controller1 .. currtemp)) ; ((
    controller2 .. offcontrol) --> (environment .. offheater2)) ; ((controller2
    .. oncontrol) --> (environment .. onheater2)) ; ((controller1 ..
    offcontrol) --> (environment .. offheater1)) ; (controller1 .. oncontrol)
    --> (environment .. onheater1)) >,800}}
==========================================
rewrite [100] in TEST-THERMOSTAT-SYSTEM : {{initState,800}} .
rewrites: 184025
result GlobalSystem: {{< Thermostat2ConimplInstance : System | properties : ((
    TimingProperties::Period => {{10}}) ; (HybridSynchAADL::Synchronous => {{(
    true).Bool}}) ; HybridSynchAADL::MaxClockDeviation => {{
    1.0000000000000001e-1}}),features : none,subcomponents : (< console :
    System | properties : ((TimingProperties::Period => {{10}}) ; (
    HybridSynchAADL::Synchronous => {{(true).Bool}}) ;
    HybridSynchAADL::MaxClockDeviation => {{1.0000000000000001e-1}}),features :
    (< tempmax : DataOutPort | properties : DataModel::InitialValue => {{50}},
    content : [5.0e+1] # [(true).Bool] > < tempmin : DataOutPort | properties :
    DataModel::InitialValue => {{20}},content : [2.0e+1] # [(true).Bool] >),
    subcomponents : < consoleProc : Process | properties : ((
    TimingProperties::Period => {{10}}) ; HybridSynchAADL::Synchronous => {{(
    true).Bool}}),features : (< tempmax : DataOutPort | properties : none,
    content : [0.0] # [(false).Bool] > < tempmin : DataOutPort | properties :
    none,content : [0.0] # [(false).Bool] >),subcomponents : < consoleThread :
    Thread | properties : ((TimingProperties::Period => {{10}}) ;
    HybridSynchAADL::Synchronous => {{(true).Bool}}),features : (< tempmax :
    DataOutPort | properties : none,content : [0.0] # [(false).Bool] > <
    tempmin : DataOutPort | properties : none,content : [0.0] # [(false).Bool]
    >),subcomponents : none,connections : empty,varGen : <
    "Thermostat2ConimplInstance.console.consoleProc.consoleThread" >,currState
    : idle,completeStates : idle,variables : empty,transitions : ((select -[[[(
    true).Bool]]]-> idle {(f{tempmax} := [[50]]) ; f{tempmin} := [[20]]}) ;
    idle -[on dispatch]-> select {skip}),loopBound : 10,transBound : 10 >,
    connections : (((consoleThread .. tempmax) --> tempmax) ; (consoleThread ..
    tempmin) --> tempmin) >,connections : (((consoleProc .. tempmax) -->
    tempmax) ; (consoleProc .. tempmin) --> tempmin) > < environment :
    EnvWithTimer | properties : ((TimingProperties::Period => {{10}}) ; (
    HybridSynchAADL::Synchronous => {{(true).Bool}}) ;
    HybridSynchAADL::MaxClockDeviation => {{1.0000000000000001e-1}}),features :
    (< offheater2 : EnvInPort | properties : none,content : * # [(false).Bool],
    envCache : null(Unit) > < offheater1 : EnvInPort | properties : none,
    content : * # [(false).Bool],envCache : null(Unit) > < onheater1 :
    EnvInPort | properties : none,content : * # [(false).Bool],envCache : null(
    Unit) > < onheater2 : EnvInPort | properties : none,content : * # [(
    false).Bool],envCache : null(Unit) > < temp2 : EnvOutPort | properties :
    none,content : [0.0] # [(false).Bool],envCache : null(Real),target :
    controller2 > < temp1 : EnvOutPort | properties : none,content : [0.0] # [(
    false).Bool],envCache : null(Real),target : controller1 >),subcomponents :
    (< x : Data | properties : DataModel::InitialValue => {{15}},features :
    none,subcomponents : none,connections : empty,value : [-8.8366296797610442]
    # [(true).Bool] > < y : Data | properties : DataModel::InitialValue => {{
    15}},features : none,subcomponents : none,connections : empty,value : [
    -8.8366296797610442] # [(true).Bool] >),connections : ((x ==> temp1) ; y
    ==> temp2),varGen : < "Thermostat2ConimplInstance.environment" >,currMode :
    s00,jumps : ((s00 -[onheater1]-> s10) ; (s00 -[onheater2]-> s01) ; (s11 -[
    offheater2]-> s10) ; (s11 -[offheater1]-> s01) ; (s10 -[offheater1]-> s00)
    ; (s10 -[onheater2]-> s11) ; (s01 -[offheater2]-> s00) ; s01 -[onheater1]->
    s11),flows : ((s00 [(x(t)= (([[1.0000000000000001e-1]] * minus([[3.0e+1]]))
    * v[t])) ; y(s)= (([[1.0000000000000001e-1]] * minus([[3.0e+1]])) * v[s])])
    ; (s11 [(x(t)= ([[1.0000000000000001e-1]] * ((([[4.5e+1]] + [[3.0e+1]]) *
    v[t]) - [[3.0e+1]]))) ; y(s)= ([[1.0000000000000001e-1]] * ((([[4.5e+1]] +
    [[3.0e+1]]) * v[s]) - [[3.0e+1]]))]) ; (s10 [(x(t)= ([[
    1.0000000000000001e-1]] * ((([[4.5e+1]] + [[3.0e+1]]) * v[t]) - [[
    3.0e+1]]))) ; y(s)= ([[1.0000000000000001e-1]] * (([[4.5e+1]] * v[s]) - [[
    3.0e+1]]))]) ; s01 [(x(t)= ([[1.0000000000000001e-1]] * (([[4.5e+1]] * v[
    t]) - [[3.0e+1]]))) ; y(s)= ([[1.0000000000000001e-1]] * ((([[4.5e+1]] + [[
    3.0e+1]]) * v[s]) - [[3.0e+1]]))]),sampling : (controller2 :(2,4),
    controller1 :(1,5)),response : (controller2 :(6,8), controller1 :(7,9)),
    timer : 0,samplingIDs : (controller2 controller1),responseIDs : (
    controller2 controller1) > < controller2 : System | properties : ((
    TimingProperties::Period => {{10}}) ; (HybridSynchAADL::Synchronous => {{(
    true).Bool}}) ; (HybridSynchAADL::MaxClockDeviation => {{
    1.0000000000000001e-1}}) ; (HybridSynchAADL::SamplingTime => {{2.0 ..
    4.0}}) ; HybridSynchAADL::ResponseTime => {{6.0 .. 8.0}}),features : (<
    tempmax : DataInPort | properties : none,content : [0.0] # [(false).Bool],
    cache : [0.0] # [(false).Bool] > < currtemp : DataInPort | properties :
    none,content : [0.0] # [(false).Bool],cache : [0.0] # [(false).Bool] > <
    offcontrol : DataOutPort | properties : none,content : * # [(false).Bool] >
    < oncontrol : DataOutPort | properties : none,content : * # [(false).Bool]
    > < tempmin : DataInPort | properties : none,content : [0.0] # [(
    false).Bool],cache : [0.0] # [(false).Bool] >),subcomponents : < ctrlProc :
    Process | properties : ((TimingProperties::Period => {{10}}) ;
    HybridSynchAADL::Synchronous => {{(true).Bool}}),features : (< tempmax :
    DataInPort | properties : none,content : [0.0] # [(false).Bool],cache : [
    0.0] # [(false).Bool] > < currtemp : DataInPort | properties : none,content
    : [0.0] # [(false).Bool],cache : [0.0] # [(false).Bool] > < offcontrol :
    DataOutPort | properties : none,content : * # [(false).Bool] > < oncontrol
    : DataOutPort | properties : none,content : * # [(false).Bool] > < tempmin
    : DataInPort | properties : none,content : [0.0] # [(false).Bool],cache : [
    0.0] # [(false).Bool] >),subcomponents : < ctrlThread : Thread | properties
    : ((TimingProperties::Period => {{10}}) ; (HybridSynchAADL::Synchronous =>
    {{(true).Bool}}) ; (HybridSynchAADL::SamplingTime => {{2.0 .. 4.0}}) ;
    HybridSynchAADL::ResponseTime => {{6.0 .. 8.0}}),features : (< tempmax :
    DataInPort | properties : none,content : [0.0] # [(false).Bool],cache : [
    5.0e+1] # [(true).Bool] > < currtemp : DataInPort | properties : none,
    content : [0.0] # [(false).Bool],cache : [-1.2147933254891058e+1] # [(
    true).Bool] > < offcontrol : DataOutPort | properties : none,content : * #
    [(false).Bool] > < oncontrol : DataOutPort | properties : none,content : *
    # [(false).Bool] > < tempmin : DataInPort | properties : none,content : [
    0.0] # [(false).Bool],cache : [2.0e+1] # [(true).Bool] >),subcomponents :
    none,connections : empty,varGen : <
    "Thermostat2ConimplInstance.controller2.ctrlProc.ctrlThread" >,currState :
    init,completeStates : init,variables : empty,transitions : init -[on
    dispatch]-> init {if(f[currtemp] > f[tempmax]){offcontrol !} (elsif(f[
    currtemp] < f[tempmin]){oncontrol !}) end if},loopBound : 10,transBound :
    10 >,connections : ((tempmax --> (ctrlThread .. tempmax)) ; (currtemp --> (
    ctrlThread .. currtemp)) ; (tempmin --> (ctrlThread .. tempmin)) ; ((
    ctrlThread .. offcontrol) --> offcontrol) ; (ctrlThread .. oncontrol) -->
    oncontrol) >,connections : ((tempmax --> (ctrlProc .. tempmax)) ; (currtemp
    --> (ctrlProc .. currtemp)) ; (tempmin --> (ctrlProc .. tempmin)) ; ((
    ctrlProc .. offcontrol) --> offcontrol) ; (ctrlProc .. oncontrol) -->
    oncontrol) > < controller1 : System | properties : ((
    TimingProperties::Period => {{10}}) ; (HybridSynchAADL::Synchronous => {{(
    true).Bool}}) ; (HybridSynchAADL::MaxClockDeviation => {{
    1.0000000000000001e-1}}) ; (HybridSynchAADL::SamplingTime => {{1.0 ..
    5.0}}) ; HybridSynchAADL::ResponseTime => {{7.0 .. 9.0}}),features : (<
    tempmax : DataInPort | properties : none,content : [0.0] # [(false).Bool],
    cache : [0.0] # [(false).Bool] > < currtemp : DataInPort | properties :
    none,content : [0.0] # [(false).Bool],cache : [0.0] # [(false).Bool] > <
    offcontrol : DataOutPort | properties : none,content : * # [(false).Bool] >
    < oncontrol : DataOutPort | properties : none,content : * # [(false).Bool]
    > < tempmin : DataInPort | properties : none,content : [0.0] # [(
    false).Bool],cache : [0.0] # [(false).Bool] >),subcomponents : < ctrlProc :
    Process | properties : ((TimingProperties::Period => {{10}}) ;
    HybridSynchAADL::Synchronous => {{(true).Bool}}),features : (< tempmax :
    DataInPort | properties : none,content : [0.0] # [(false).Bool],cache : [
    0.0] # [(false).Bool] > < currtemp : DataInPort | properties : none,content
    : [0.0] # [(false).Bool],cache : [0.0] # [(false).Bool] > < offcontrol :
    DataOutPort | properties : none,content : * # [(false).Bool] > < oncontrol
    : DataOutPort | properties : none,content : * # [(false).Bool] > < tempmin
    : DataInPort | properties : none,content : [0.0] # [(false).Bool],cache : [
    0.0] # [(false).Bool] >),subcomponents : < ctrlThread : Thread | properties
    : ((TimingProperties::Period => {{10}}) ; (HybridSynchAADL::Synchronous =>
    {{(true).Bool}}) ; (HybridSynchAADL::SamplingTime => {{1.0 .. 5.0}}) ;
    HybridSynchAADL::ResponseTime => {{7.0 .. 9.0}}),features : (< tempmax :
    DataInPort | properties : none,content : [0.0] # [(false).Bool],cache : [
    5.0e+1] # [(true).Bool] > < currtemp : DataInPort | properties : none,
    content : [0.0] # [(false).Bool],cache : [-2.3261314935625648] # [(
    true).Bool] > < offcontrol : DataOutPort | properties : none,content : * #
    [(false).Bool] > < oncontrol : DataOutPort | properties : none,content : *
    # [(false).Bool] > < tempmin : DataInPort | properties : none,content : [
    0.0] # [(false).Bool],cache : [2.0e+1] # [(true).Bool] >),subcomponents :
    none,connections : empty,varGen : <
    "Thermostat2ConimplInstance.controller1.ctrlProc.ctrlThread" >,currState :
    init,completeStates : init,variables : empty,transitions : init -[on
    dispatch]-> init {if(f[currtemp] > f[tempmax]){offcontrol !} (elsif(f[
    currtemp] < f[tempmin]){oncontrol !}) end if},loopBound : 10,transBound :
    10 >,connections : ((tempmax --> (ctrlThread .. tempmax)) ; (currtemp --> (
    ctrlThread .. currtemp)) ; (tempmin --> (ctrlThread .. tempmin)) ; ((
    ctrlThread .. offcontrol) --> offcontrol) ; (ctrlThread .. oncontrol) -->
    oncontrol) >,connections : ((tempmax --> (ctrlProc .. tempmax)) ; (currtemp
    --> (ctrlProc .. currtemp)) ; (tempmin --> (ctrlProc .. tempmin)) ; ((
    ctrlProc .. offcontrol) --> offcontrol) ; (ctrlProc .. oncontrol) -->
    oncontrol) >),connections : (((console .. tempmax) --> (controller2 ..
    tempmax)) ; ((console .. tempmax) --> (controller1 .. tempmax)) ; ((console
    .. tempmin) --> (controller2 .. tempmin)) ; ((console .. tempmin) --> (
    controller1 .. tempmin)) ; ((environment .. temp2) --> (controller2 ..
    currtemp)) ; ((environment .. temp1) --> (controller1 .. currtemp)) ; ((
    controller2 .. offcontrol) --> (environment .. offheater2)) ; ((controller2
    .. oncontrol) --> (environment .. onheater2)) ; ((controller1 ..
    offcontrol) --> (environment .. offheater1)) ; (controller1 .. oncontrol)
    --> (environment .. onheater1)) >,1600}}
==========================================
rewrite [100] in TEST-THERMOSTAT-SYSTEM : {{initState,1600}} .
rewrites: 183907
result GlobalSystem: {{< Thermostat2ConimplInstance : System | properties : ((
    TimingProperties::Period => {{10}}) ; (HybridSynchAADL::Synchronous => {{(
    true).Bool}}) ; HybridSynchAADL::MaxClockDeviation => {{
    1.0000000000000001e-1}}),features : none,subcomponents : (< console :
    System | properties : ((TimingProperties::Period => {{10}}) ; (
    HybridSynchAADL::Synchronous => {{(true).Bool}}) ;
    HybridSynchAADL::MaxClockDeviation => {{1.0000000000000001e-1}}),features :
    (< tempmax : DataOutPort | properties : DataModel::InitialValue => {{50}},
    content : [5.0e+1] # [(true).Bool] > < tempmin : DataOutPort | properties :
    DataModel::InitialValue => {{20}},content : [2.0e+1] # [(true).Bool] >),
    subcomponents : < consoleProc : Process | properties : ((
    TimingProperties::Period => {{10}}) ; HybridSynchAADL::Synchronous => {{(
    true).Bool}}),features : (< tempmax : DataOutPort | properties : none,
    content : [0.0] # [(false).Bool] > < tempmin : DataOutPort | properties :
    none,content : [0.0] # [(false).Bool] >),subcomponents : < consoleThread :
    Thread | properties : ((TimingProperties::Period => {{10}}) ;
    HybridSynchAADL::Synchronous => {{(true).Bool}}),features : (< tempmax :
    DataOutPort | properties : none,content : [0.0] # [(false).Bool] > <
    tempmin : DataOutPort | properties : none,content : [0.0] # [(false).Bool]
    >),subcomponents : none,connections : empty,varGen : <
    "Thermostat2ConimplInstance.console.consoleProc.consoleThread" >,currState
    : idle,completeStates : idle,variables : empty,transitions : ((select -[[[(
    true).Bool]]]-> idle {(f{tempmax} := [[50]]) ; f{tempmin} := [[20]]}) ;
    idle -[on dispatch]-> select {skip}),loopBound : 10,transBound : 10 >,
    connections : (((consoleThread .. tempmax) --> tempmax) ; (consoleThread ..
    tempmin) --> tempmin) >,connections : (((consoleProc .. tempmax) -->
    tempmax) ; (consoleProc .. tempmin) --> tempmin) > < environment :
    EnvWithTimer | properties : ((TimingProperties::Period => {{10}}) ; (
    HybridSynchAADL::Synchronous => {{(true).Bool}}) ;
    HybridSynchAADL::MaxClockDeviation => {{1.0000000000000001e-1}}),features :
    (< offheater2 : EnvInPort | properties : none,content : * # [(false).Bool],
    envCache : null(Unit) > < offheater1 : EnvInPort | properties : none,
    content : * # [(false).Bool],envCache : null(Unit) > < onheater1 :
    EnvInPort | properties : none,content : * # [(false).Bool],envCache : null(
    Unit) > < onheater2 : EnvInPort | properties : none,content : * # [(
    false).Bool],envCache : null(Unit) > < temp2 : EnvOutPort | properties :
    none,content : [0.0] # [(false).Bool],envCache : null(Real),target :
    controller2 > < temp1 : EnvOutPort | properties : none,content : [0.0] # [(
    false).Bool],envCache : null(Real),target : controller1 >),subcomponents :
    (< x : Data | properties : DataModel::InitialValue => {{15}},features :
    none,subcomponents : none,connections : empty,value : [-7.0113611066274739]
    # [(true).Bool] > < y : Data | properties : DataModel::InitialValue => {{
    15}},features : none,subcomponents : none,connections : empty,value : [
    -7.0113611066274739] # [(true).Bool] >),connections : ((x ==> temp1) ; y
    ==> temp2),varGen : < "Thermostat2ConimplInstance.environment" >,currMode :
    s00,jumps : ((s00 -[onheater1]-> s10) ; (s00 -[onheater2]-> s01) ; (s11 -[
    offheater2]-> s10) ; (s11 -[offheater1]-> s01) ; (s10 -[offheater1]-> s00)
    ; (s10 -[onheater2]-> s11) ; (s01 -[offheater2]-> s00) ; s01 -[onheater1]->
    s11),flows : ((s00 [(x(t)= (([[1.0000000000000001e-1]] * minus([[3.0e+1]]))
    * v[t])) ; y(s)= (([[1.0000000000000001e-1]] * minus([[3.0e+1]])) * v[s])])
    ; (s11 [(x(t)= ([[1.0000000000000001e-1]] * ((([[4.5e+1]] + [[3.0e+1]]) *
    v[t]) - [[3.0e+1]]))) ; y(s)= ([[1.0000000000000001e-1]] * ((([[4.5e+1]] +
    [[3.0e+1]]) * v[s]) - [[3.0e+1]]))]) ; (s10 [(x(t)= ([[
    1.0000000000000001e-1]] * ((([[4.5e+1]] + [[3.0e+1]]) * v[t]) - [[
    3.0e+1]]))) ; y(s)= ([[1.0000000000000001e-1]] * (([[4.5e+1]] * v[s]) - [[
    3.0e+1]]))]) ; s01 [(x(t)= ([[1.0000000000000001e-1]] * (([[4.5e+1]] * v[
    t]) - [[3.0e+1]]))) ; y(s)= ([[1.0000000000000001e-1]] * ((([[4.5e+1]] + [[
    3.0e+1]]) * v[s]) - [[3.0e+1]]))]),sampling : (controller2 :(2,4),
    controller1 :(1,5)),response : (controller2 :(6,8), controller1 :(7,9)),
    timer : 0,samplingIDs : (controller2 controller1),responseIDs : (
    controller2 controller1) > < controller2 : System | properties : ((
    TimingProperties::Period => {{10}}) ; (HybridSynchAADL::Synchronous => {{(
    true).Bool}}) ; (HybridSynchAADL::MaxClockDeviation => {{
    1.0000000000000001e-1}}) ; (HybridSynchAADL::SamplingTime => {{2.0 ..
    4.0}}) ; HybridSynchAADL::ResponseTime => {{6.0 .. 8.0}}),features : (<
    tempmax : DataInPort | properties : none,content : [0.0] # [(false).Bool],
    cache : [0.0] # [(false).Bool] > < currtemp : DataInPort | properties :
    none,content : [0.0] # [(false).Bool],cache : [0.0] # [(false).Bool] > <
    offcontrol : DataOutPort | properties : none,content : * # [(false).Bool] >
    < oncontrol : DataOutPort | properties : none,content : * # [(false).Bool]
    > < tempmin : DataInPort | properties : none,content : [0.0] # [(
    false).Bool],cache : [0.0] # [(false).Bool] >),subcomponents : < ctrlProc :
    Process | properties : ((TimingProperties::Period => {{10}}) ;
    HybridSynchAADL::Synchronous => {{(true).Bool}}),features : (< tempmax :
    DataInPort | properties : none,content : [0.0] # [(false).Bool],cache : [
    0.0] # [(false).Bool] > < currtemp : DataInPort | properties : none,content
    : [0.0] # [(false).Bool],cache : [0.0] # [(false).Bool] > < offcontrol :
    DataOutPort | properties : none,content : * # [(false).Bool] > < oncontrol
    : DataOutPort | properties : none,content : * # [(false).Bool] > < tempmin
    : DataInPort | properties : none,content : [0.0] # [(false).Bool],cache : [
    0.0] # [(false).Bool] >),subcomponents : < ctrlThread : Thread | properties
    : ((TimingProperties::Period => {{10}}) ; (HybridSynchAADL::Synchronous =>
    {{(true).Bool}}) ; (HybridSynchAADL::SamplingTime => {{2.0 .. 4.0}}) ;
    HybridSynchAADL::ResponseTime => {{6.0 .. 8.0}}),features : (< tempmax :
    DataInPort | properties : none,content : [0.0] # [(false).Bool],cache : [
    5.0e+1] # [(true).Bool] > < currtemp : DataInPort | properties : none,
    content : [0.0] # [(false).Bool],cache : [-1.8070876426874958] # [(
    true).Bool] > < offcontrol : DataOutPort | properties : none,content : * #
    [(false).Bool] > < oncontrol : DataOutPort | properties : none,content : *
    # [(false).Bool] > < tempmin : DataInPort | properties : none,content : [
    0.0] # [(false).Bool],cache : [2.0e+1] # [(true).Bool] >),subcomponents :
    none,connections : empty,varGen : <
    "Thermostat2ConimplInstance.controller2.ctrlProc.ctrlThread" >,currState :
    init,completeStates : init,variables : empty,transitions : init -[on
    dispatch]-> init {if(f[currtemp] > f[tempmax]){offcontrol !} (elsif(f[
    currtemp] < f[tempmin]){oncontrol !}) end if},loopBound : 10,transBound :
    10 >,connections : ((tempmax --> (ctrlThread .. tempmax)) ; (currtemp --> (
    ctrlThread .. currtemp)) ; (tempmin --> (ctrlThread .. tempmin)) ; ((
    ctrlThread .. offcontrol) --> offcontrol) ; (ctrlThread .. oncontrol) -->
    oncontrol) >,connections : ((tempmax --> (ctrlProc .. tempmax)) ; (currtemp
    --> (ctrlProc .. currtemp)) ; (tempmin --> (ctrlProc .. tempmin)) ; ((
    ctrlProc .. offcontrol) --> offcontrol) ; (ctrlProc .. oncontrol) -->
    oncontrol) > < controller1 : System | properties : ((
    TimingProperties::Period => {{10}}) ; (HybridSynchAADL::Synchronous => {{(
    true).Bool}}) ; (HybridSynchAADL::MaxClockDeviation => {{
    1.0000000000000001e-1}}) ; (HybridSynchAADL::SamplingTime => {{1.0 ..
    5.0}}) ; HybridSynchAADL::ResponseTime => {{7.0 .. 9.0}}),features : (<
    tempmax : DataInPort | properties : none,content : [0.0] # [(false).Bool],
    cache : [0.0] # [(false).Bool] > < currtemp : DataInPort | properties :
    none,content : [0.0] # [(false).Bool],cache : [0.0] # [(false).Bool] > <
    offcontrol : DataOutPort | properties : none,content : * # [(false).Bool] >
    < oncontrol : DataOutPort | properties : none,content : * # [(false).Bool]
    > < tempmin : DataInPort | properties : none,content : [0.0] # [(
    false).Bool],cache : [0.0] # [(false).Bool] >),subcomponents : < ctrlProc :
    Process | properties : ((TimingProperties::Period => {{10}}) ;
    HybridSynchAADL::Synchronous => {{(true).Bool}}),features : (< tempmax :
    DataInPort | properties : none,content : [0.0] # [(false).Bool],cache : [
    0.0] # [(false).Bool] > < currtemp : DataInPort | properties : none,content
    : [0.0] # [(false).Bool],cache : [0.0] # [(false).Bool] > < offcontrol :
    DataOutPort | properties : none,content : * # [(false).Bool] > < oncontrol
    : DataOutPort | properties : none,content : * # [(false).Bool] > < tempmin
    : DataInPort | properties : none,content : [0.0] # [(false).Bool],cache : [
    0.0] # [(false).Bool] >),subcomponents : < ctrlThread : Thread | properties
    : ((TimingProperties::Period => {{10}}) ; (HybridSynchAADL::Synchronous =>
    {{(true).Bool}}) ; (HybridSynchAADL::SamplingTime => {{1.0 .. 5.0}}) ;
    HybridSynchAADL::ResponseTime => {{7.0 .. 9.0}}),features : (< tempmax :
    DataInPort | properties : none,content : [0.0] # [(false).Bool],cache : [
    5.0e+1] # [(true).Bool] > < currtemp : DataInPort | properties : none,
    content : [0.0] # [(false).Bool],cache : [-1.0275406359013964e+1] # [(
    true).Bool] > < offcontrol : DataOutPort | properties : none,content : * #
    [(false).Bool] > < oncontrol : DataOutPort | properties : none,content : *
    # [(false).Bool] > < tempmin : DataInPort | properties : none,content : [
    0.0] # [(false).Bool],cache : [2.0e+1] # [(true).Bool] >),subcomponents :
    none,connections : empty,varGen : <
    "Thermostat2ConimplInstance.controller1.ctrlProc.ctrlThread" >,currState :
    init,completeStates : init,variables : empty,transitions : init -[on
    dispatch]-> init {if(f[currtemp] > f[tempmax]){offcontrol !} (elsif(f[
    currtemp] < f[tempmin]){oncontrol !}) end if},loopBound : 10,transBound :
    10 >,connections : ((tempmax --> (ctrlThread .. tempmax)) ; (currtemp --> (
    ctrlThread .. currtemp)) ; (tempmin --> (ctrlThread .. tempmin)) ; ((
    ctrlThread .. offcontrol) --> offcontrol) ; (ctrlThread .. oncontrol) -->
    oncontrol) >,connections : ((tempmax --> (ctrlProc .. tempmax)) ; (currtemp
    --> (ctrlProc .. currtemp)) ; (tempmin --> (ctrlProc .. tempmin)) ; ((
    ctrlProc .. offcontrol) --> offcontrol) ; (ctrlProc .. oncontrol) -->
    oncontrol) >),connections : (((console .. tempmax) --> (controller2 ..
    tempmax)) ; ((console .. tempmax) --> (controller1 .. tempmax)) ; ((console
    .. tempmin) --> (controller2 .. tempmin)) ; ((console .. tempmin) --> (
    controller1 .. tempmin)) ; ((environment .. temp2) --> (controller2 ..
    currtemp)) ; ((environment .. temp1) --> (controller1 .. currtemp)) ; ((
    controller2 .. offcontrol) --> (environment .. offheater2)) ; ((controller2
    .. oncontrol) --> (environment .. onheater2)) ; ((controller1 ..
    offcontrol) --> (environment .. offheater1)) ; (controller1 .. oncontrol)
    --> (environment .. onheater1)) >,2400}}
==========================================
rewrite [100] in TEST-THERMOSTAT-SYSTEM : {{cinitState,0}} .
rewrites: 143881
result GlobalSystem: {{< Thermostat2ConimplInstance : System | properties : ((
    TimingProperties::Period => {{10}}) ; (HybridSynchAADL::Synchronous => {{(
    true).Bool}}) ; HybridSynchAADL::MaxClockDeviation => {{
    1.0000000000000001e-1}}),features : none,subcomponents : (< environment :
    EnvWithTimer | properties : ((TimingProperties::Period => {{10}}) ; (
    HybridSynchAADL::Synchronous => {{(true).Bool}}) ;
    HybridSynchAADL::MaxClockDeviation => {{1.0000000000000001e-1}}),features :
    (< offheater2 : EnvInPort | properties : none,content : * # [(false).Bool],
    envCache : null(Unit) > < offheater1 : EnvInPort | properties : none,
    content : * # [(false).Bool],envCache : null(Unit) > < onheater1 :
    EnvInPort | properties : none,content : * # [(false).Bool],envCache : null(
    Unit) > < onheater2 : EnvInPort | properties : none,content : * # [(
    false).Bool],envCache : null(Unit) > < temp2 : EnvOutPort | properties :
    none,content : [0.0] # [(false).Bool],envCache : null(Real),target :
    controller2 > < temp1 : EnvOutPort | properties : none,content : [0.0] # [(
    false).Bool],envCache : null(Real),target : controller1 >),subcomponents :
    (< x : Data | properties : DataModel::InitialValue => {{15}},features :
    none,subcomponents : none,connections : empty,value : [-3.3417400605850496]
    # [(true).Bool] > < y : Data | properties : DataModel::InitialValue => {{
    15}},features : none,subcomponents : none,connections : empty,value : [
    -3.3417400605850496] # [(true).Bool] >),connections : ((x ==> temp1) ; y
    ==> temp2),varGen : < "Thermostat2ConimplInstance.environment" >,currMode :
    s00,jumps : ((s00 -[onheater1]-> s10) ; (s00 -[onheater2]-> s01) ; (s11 -[
    offheater2]-> s10) ; (s11 -[offheater1]-> s01) ; (s10 -[offheater1]-> s00)
    ; (s10 -[onheater2]-> s11) ; (s01 -[offheater2]-> s00) ; s01 -[onheater1]->
    s11),flows : ((s00 [(x(t)= (([[1.0000000000000001e-1]] * minus([[3.0e+1]]))
    * v[t])) ; y(s)= (([[1.0000000000000001e-1]] * minus([[3.0e+1]])) * v[s])])
    ; (s11 [(x(t)= ([[1.0000000000000001e-1]] * ((([[4.5e+1]] + [[3.0e+1]]) *
    v[t]) - [[3.0e+1]]))) ; y(s)= ([[1.0000000000000001e-1]] * ((([[4.5e+1]] +
    [[3.0e+1]]) * v[s]) - [[3.0e+1]]))]) ; (s10 [(x(t)= ([[
    1.0000000000000001e-1]] * ((([[4.5e+1]] + [[3.0e+1]]) * v[t]) - [[
    3.0e+1]]))) ; y(s)= ([[1.0000000000000001e-1]] * (([[4.5e+1]] * v[s]) - [[
    3.0e+1]]))]) ; s01 [(x(t)= ([[1.0000000000000001e-1]] * (([[4.5e+1]] * v[
    t]) - [[3.0e+1]]))) ; y(s)= ([[1.0000000000000001e-1]] * ((([[4.5e+1]] + [[
    3.0e+1]]) * v[s]) - [[3.0e+1]]))]),sampling : (controller2 :(2,4),
    controller1 :(1,5)),response : (controller2 :(6,8), controller1 :(7,9)),
    timer : 0,samplingIDs : (controller2 controller1),responseIDs : (
    controller2 controller1) > < console . consoleProc . consoleThread : Thread
    | properties : ((TimingProperties::Period => {{10}}) ; (
    HybridSynchAADL::Synchronous => {{(true).Bool}}) ;
    HybridSynchAADL::MaxClockDeviation => {{1.0000000000000001e-1}}),features :
    (< tempmax : DataOutPort | properties : DataModel::InitialValue => {{50}},
    content : [5.0e+1] # [(true).Bool] > < tempmin : DataOutPort | properties :
    DataModel::InitialValue => {{20}},content : [2.0e+1] # [(true).Bool] >),
    subcomponents : none,connections : empty,varGen : <
    "Thermostat2ConimplInstance.console.consoleProc.consoleThread" >,currState
    : idle,completeStates : idle,variables : empty,transitions : ((select -[[[(
    true).Bool]]]-> idle {(f{tempmax} := [[50]]) ; f{tempmin} := [[20]]}) ;
    idle -[on dispatch]-> select {skip}),loopBound : 10,transBound : 10 > <
    controller2 . ctrlProc . ctrlThread : Thread | properties : ((
    TimingProperties::Period => {{10}}) ; (HybridSynchAADL::Synchronous => {{(
    true).Bool}}) ; (HybridSynchAADL::MaxClockDeviation => {{
    1.0000000000000001e-1}}) ; (HybridSynchAADL::SamplingTime => {{2.0 ..
    4.0}}) ; HybridSynchAADL::ResponseTime => {{6.0 .. 8.0}}),features : (<
    tempmax : DataInPort | properties : none,content : [0.0] # [(false).Bool],
    cache : [5.0e+1] # [(true).Bool] > < currtemp : DataInPort | properties :
    none,content : [0.0] # [(false).Bool],cache : [-8.9295992871582506] # [(
    true).Bool] > < offcontrol : DataOutPort | properties : none,content : * #
    [(false).Bool] > < oncontrol : DataOutPort | properties : none,content : *
    # [(false).Bool] > < tempmin : DataInPort | properties : none,content : [
    0.0] # [(false).Bool],cache : [2.0e+1] # [(true).Bool] >),subcomponents :
    none,connections : empty,varGen : <
    "Thermostat2ConimplInstance.controller2.ctrlProc.ctrlThread" >,currState :
    init,completeStates : init,variables : empty,transitions : init -[on
    dispatch]-> init {if(f[currtemp] > f[tempmax]){offcontrol !} (elsif(f[
    currtemp] < f[tempmin]){oncontrol !}) end if},loopBound : 10,transBound :
    10 > < controller1 . ctrlProc . ctrlThread : Thread | properties : ((
    TimingProperties::Period => {{10}}) ; (HybridSynchAADL::Synchronous => {{(
    true).Bool}}) ; (HybridSynchAADL::MaxClockDeviation => {{
    1.0000000000000001e-1}}) ; (HybridSynchAADL::SamplingTime => {{1.0 ..
    5.0}}) ; HybridSynchAADL::ResponseTime => {{7.0 .. 9.0}}),features : (<
    tempmax : DataInPort | properties : none,content : [0.0] # [(false).Bool],
    cache : [5.0e+1] # [(true).Bool] > < currtemp : DataInPort | properties :
    none,content : [0.0] # [(false).Bool],cache : [-2.613291722937416] # [(
    true).Bool] > < offcontrol : DataOutPort | properties : none,content : * #
    [(false).Bool] > < oncontrol : DataOutPort | properties : none,content : *
    # [(false).Bool] > < tempmin : DataInPort | properties : none,content : [
    0.0] # [(false).Bool],cache : [2.0e+1] # [(true).Bool] >),subcomponents :
    none,connections : empty,varGen : <
    "Thermostat2ConimplInstance.controller1.ctrlProc.ctrlThread" >,currState :
    init,completeStates : init,variables : empty,transitions : init -[on
    dispatch]-> init {if(f[currtemp] > f[tempmax]){offcontrol !} (elsif(f[
    currtemp] < f[tempmin]){oncontrol !}) end if},loopBound : 10,transBound :
    10 >),connections : (((environment .. temp2) --> ((controller2 . ctrlProc .
    ctrlThread) .. currtemp)) ; ((environment .. temp1) --> ((controller1 .
    ctrlProc . ctrlThread) .. currtemp)) ; (((console . consoleProc .
    consoleThread) .. tempmax) --> ((controller2 . ctrlProc . ctrlThread) ..
    tempmax)) ; (((console . consoleProc . consoleThread) .. tempmax) --> ((
    controller1 . ctrlProc . ctrlThread) .. tempmax)) ; (((console .
    consoleProc . consoleThread) .. tempmin) --> ((controller2 . ctrlProc .
    ctrlThread) .. tempmin)) ; (((console . consoleProc . consoleThread) ..
    tempmin) --> ((controller1 . ctrlProc . ctrlThread) .. tempmin)) ; (((
    controller2 . ctrlProc . ctrlThread) .. offcontrol) --> (environment ..
    offheater2)) ; (((controller2 . ctrlProc . ctrlThread) .. oncontrol) --> (
    environment .. onheater2)) ; (((controller1 . ctrlProc . ctrlThread) ..
    offcontrol) --> (environment .. offheater1)) ; ((controller1 . ctrlProc .
    ctrlThread) .. oncontrol) --> (environment .. onheater1)) >,800}}
==========================================
rewrite [100] in TEST-THERMOSTAT-SYSTEM : {{cinitState,800}} .
rewrites: 143605
result GlobalSystem: {{< Thermostat2ConimplInstance : System | properties : ((
    TimingProperties::Period => {{10}}) ; (HybridSynchAADL::Synchronous => {{(
    true).Bool}}) ; HybridSynchAADL::MaxClockDeviation => {{
    1.0000000000000001e-1}}),features : none,subcomponents : (< environment :
    EnvWithTimer | properties : ((TimingProperties::Period => {{10}}) ; (
    HybridSynchAADL::Synchronous => {{(true).Bool}}) ;
    HybridSynchAADL::MaxClockDeviation => {{1.0000000000000001e-1}}),features :
    (< offheater2 : EnvInPort | properties : none,content : * # [(false).Bool],
    envCache : null(Unit) > < offheater1 : EnvInPort | properties : none,
    content : * # [(false).Bool],envCache : null(Unit) > < onheater1 :
    EnvInPort | properties : none,content : * # [(false).Bool],envCache : null(
    Unit) > < onheater2 : EnvInPort | properties : none,content : * # [(
    false).Bool],envCache : null(Unit) > < temp2 : EnvOutPort | properties :
    none,content : [0.0] # [(false).Bool],envCache : null(Real),target :
    controller2 > < temp1 : EnvOutPort | properties : none,content : [0.0] # [(
    false).Bool],envCache : null(Real),target : controller1 >),subcomponents :
    (< x : Data | properties : DataModel::InitialValue => {{15}},features :
    none,subcomponents : none,connections : empty,value : [-8.8366296797610442]
    # [(true).Bool] > < y : Data | properties : DataModel::InitialValue => {{
    15}},features : none,subcomponents : none,connections : empty,value : [
    -8.8366296797610442] # [(true).Bool] >),connections : ((x ==> temp1) ; y
    ==> temp2),varGen : < "Thermostat2ConimplInstance.environment" >,currMode :
    s00,jumps : ((s00 -[onheater1]-> s10) ; (s00 -[onheater2]-> s01) ; (s11 -[
    offheater2]-> s10) ; (s11 -[offheater1]-> s01) ; (s10 -[offheater1]-> s00)
    ; (s10 -[onheater2]-> s11) ; (s01 -[offheater2]-> s00) ; s01 -[onheater1]->
    s11),flows : ((s00 [(x(t)= (([[1.0000000000000001e-1]] * minus([[3.0e+1]]))
    * v[t])) ; y(s)= (([[1.0000000000000001e-1]] * minus([[3.0e+1]])) * v[s])])
    ; (s11 [(x(t)= ([[1.0000000000000001e-1]] * ((([[4.5e+1]] + [[3.0e+1]]) *
    v[t]) - [[3.0e+1]]))) ; y(s)= ([[1.0000000000000001e-1]] * ((([[4.5e+1]] +
    [[3.0e+1]]) * v[s]) - [[3.0e+1]]))]) ; (s10 [(x(t)= ([[
    1.0000000000000001e-1]] * ((([[4.5e+1]] + [[3.0e+1]]) * v[t]) - [[
    3.0e+1]]))) ; y(s)= ([[1.0000000000000001e-1]] * (([[4.5e+1]] * v[s]) - [[
    3.0e+1]]))]) ; s01 [(x(t)= ([[1.0000000000000001e-1]] * (([[4.5e+1]] * v[
    t]) - [[3.0e+1]]))) ; y(s)= ([[1.0000000000000001e-1]] * ((([[4.5e+1]] + [[
    3.0e+1]]) * v[s]) - [[3.0e+1]]))]),sampling : (controller2 :(2,4),
    controller1 :(1,5)),response : (controller2 :(6,8), controller1 :(7,9)),
    timer : 0,samplingIDs : (controller2 controller1),responseIDs : (
    controller2 controller1) > < console . consoleProc . consoleThread : Thread
    | properties : ((TimingProperties::Period => {{10}}) ; (
    HybridSynchAADL::Synchronous => {{(true).Bool}}) ;
    HybridSynchAADL::MaxClockDeviation => {{1.0000000000000001e-1}}),features :
    (< tempmax : DataOutPort | properties : DataModel::InitialValue => {{50}},
    content : [5.0e+1] # [(true).Bool] > < tempmin : DataOutPort | properties :
    DataModel::InitialValue => {{20}},content : [2.0e+1] # [(true).Bool] >),
    subcomponents : none,connections : empty,varGen : <
    "Thermostat2ConimplInstance.console.consoleProc.consoleThread" >,currState
    : idle,completeStates : idle,variables : empty,transitions : ((select -[[[(
    true).Bool]]]-> idle {(f{tempmax} := [[50]]) ; f{tempmin} := [[20]]}) ;
    idle -[on dispatch]-> select {skip}),loopBound : 10,transBound : 10 > <
    controller2 . ctrlProc . ctrlThread : Thread | properties : ((
    TimingProperties::Period => {{10}}) ; (HybridSynchAADL::Synchronous => {{(
    true).Bool}}) ; (HybridSynchAADL::MaxClockDeviation => {{
    1.0000000000000001e-1}}) ; (HybridSynchAADL::SamplingTime => {{2.0 ..
    4.0}}) ; HybridSynchAADL::ResponseTime => {{6.0 .. 8.0}}),features : (<
    tempmax : DataInPort | properties : none,content : [0.0] # [(false).Bool],
    cache : [5.0e+1] # [(true).Bool] > < currtemp : DataInPort | properties :
    none,content : [0.0] # [(false).Bool],cache : [-1.2147933254891058e+1] # [(
    true).Bool] > < offcontrol : DataOutPort | properties : none,content : * #
    [(false).Bool] > < oncontrol : DataOutPort | properties : none,content : *
    # [(false).Bool] > < tempmin : DataInPort | properties : none,content : [
    0.0] # [(false).Bool],cache : [2.0e+1] # [(true).Bool] >),subcomponents :
    none,connections : empty,varGen : <
    "Thermostat2ConimplInstance.controller2.ctrlProc.ctrlThread" >,currState :
    init,completeStates : init,variables : empty,transitions : init -[on
    dispatch]-> init {if(f[currtemp] > f[tempmax]){offcontrol !} (elsif(f[
    currtemp] < f[tempmin]){oncontrol !}) end if},loopBound : 10,transBound :
    10 > < controller1 . ctrlProc . ctrlThread : Thread | properties : ((
    TimingProperties::Period => {{10}}) ; (HybridSynchAADL::Synchronous => {{(
    true).Bool}}) ; (HybridSynchAADL::MaxClockDeviation => {{
    1.0000000000000001e-1}}) ; (HybridSynchAADL::SamplingTime => {{1.0 ..
    5.0}}) ; HybridSynchAADL::ResponseTime => {{7.0 .. 9.0}}),features : (<
    tempmax : DataInPort | properties : none,content : [0.0] # [(false).Bool],
    cache : [5.0e+1] # [(true).Bool] > < currtemp : DataInPort | properties :
    none,content : [0.0] # [(false).Bool],cache : [-2.3261314935625648] # [(
    true).Bool] > < offcontrol : DataOutPort | properties : none,content : * #
    [(false).Bool] > < oncontrol : DataOutPort | properties : none,content : *
    # [(false).Bool] > < tempmin : DataInPort | properties : none,content : [
    0.0] # [(false).Bool],cache : [2.0e+1] # [(true).Bool] >),subcomponents :
    none,connections : empty,varGen : <
    "Thermostat2ConimplInstance.controller1.ctrlProc.ctrlThread" >,currState :
    init,completeStates : init,variables : empty,transitions : init -[on
    dispatch]-> init {if(f[currtemp] > f[tempmax]){offcontrol !} (elsif(f[
    currtemp] < f[tempmin]){oncontrol !}) end if},loopBound : 10,transBound :
    10 >),connections : (((environment .. temp2) --> ((controller2 . ctrlProc .
    ctrlThread) .. currtemp)) ; ((environment .. temp1) --> ((controller1 .
    ctrlProc . ctrlThread) .. currtemp)) ; (((console . consoleProc .
    consoleThread) .. tempmax) --> ((controller2 . ctrlProc . ctrlThread) ..
    tempmax)) ; (((console . consoleProc . consoleThread) .. tempmax) --> ((
    controller1 . ctrlProc . ctrlThread) .. tempmax)) ; (((console .
    consoleProc . consoleThread) .. tempmin) --> ((controller2 . ctrlProc .
    ctrlThread) .. tempmin)) ; (((console . consoleProc . consoleThread) ..
    tempmin) --> ((controller1 . ctrlProc . ctrlThread) .. tempmin)) ; (((
    controller2 . ctrlProc . ctrlThread) .. offcontrol) --> (environment ..
    offheater2)) ; (((controller2 . ctrlProc . ctrlThread) .. oncontrol) --> (
    environment .. onheater2)) ; (((controller1 . ctrlProc . ctrlThread) ..
    offcontrol) --> (environment .. offheater1)) ; ((controller1 . ctrlProc .
    ctrlThread) .. oncontrol) --> (environment .. onheater1)) >,1600}}
==========================================
rewrite [100] in TEST-THERMOSTAT-SYSTEM : {{cinitState,1600}} .
rewrites: 143487
result GlobalSystem: {{< Thermostat2ConimplInstance : System | properties : ((
    TimingProperties::Period => {{10}}) ; (HybridSynchAADL::Synchronous => {{(
    true).Bool}}) ; HybridSynchAADL::MaxClockDeviation => {{
    1.0000000000000001e-1}}),features : none,subcomponents : (< environment :
    EnvWithTimer | properties : ((TimingProperties::Period => {{10}}) ; (
    HybridSynchAADL::Synchronous => {{(true).Bool}}) ;
    HybridSynchAADL::MaxClockDeviation => {{1.0000000000000001e-1}}),features :
    (< offheater2 : EnvInPort | properties : none,content : * # [(false).Bool],
    envCache : null(Unit) > < offheater1 : EnvInPort | properties : none,
    content : * # [(false).Bool],envCache : null(Unit) > < onheater1 :
    EnvInPort | properties : none,content : * # [(false).Bool],envCache : null(
    Unit) > < onheater2 : EnvInPort | properties : none,content : * # [(
    false).Bool],envCache : null(Unit) > < temp2 : EnvOutPort | properties :
    none,content : [0.0] # [(false).Bool],envCache : null(Real),target :
    controller2 > < temp1 : EnvOutPort | properties : none,content : [0.0] # [(
    false).Bool],envCache : null(Real),target : controller1 >),subcomponents :
    (< x : Data | properties : DataModel::InitialValue => {{15}},features :
    none,subcomponents : none,connections : empty,value : [-7.0113611066274739]
    # [(true).Bool] > < y : Data | properties : DataModel::InitialValue => {{
    15}},features : none,subcomponents : none,connections : empty,value : [
    -7.0113611066274739] # [(true).Bool] >),connections : ((x ==> temp1) ; y
    ==> temp2),varGen : < "Thermostat2ConimplInstance.environment" >,currMode :
    s00,jumps : ((s00 -[onheater1]-> s10) ; (s00 -[onheater2]-> s01) ; (s11 -[
    offheater2]-> s10) ; (s11 -[offheater1]-> s01) ; (s10 -[offheater1]-> s00)
    ; (s10 -[onheater2]-> s11) ; (s01 -[offheater2]-> s00) ; s01 -[onheater1]->
    s11),flows : ((s00 [(x(t)= (([[1.0000000000000001e-1]] * minus([[3.0e+1]]))
    * v[t])) ; y(s)= (([[1.0000000000000001e-1]] * minus([[3.0e+1]])) * v[s])])
    ; (s11 [(x(t)= ([[1.0000000000000001e-1]] * ((([[4.5e+1]] + [[3.0e+1]]) *
    v[t]) - [[3.0e+1]]))) ; y(s)= ([[1.0000000000000001e-1]] * ((([[4.5e+1]] +
    [[3.0e+1]]) * v[s]) - [[3.0e+1]]))]) ; (s10 [(x(t)= ([[
    1.0000000000000001e-1]] * ((([[4.5e+1]] + [[3.0e+1]]) * v[t]) - [[
    3.0e+1]]))) ; y(s)= ([[1.0000000000000001e-1]] * (([[4.5e+1]] * v[s]) - [[
    3.0e+1]]))]) ; s01 [(x(t)= ([[1.0000000000000001e-1]] * (([[4.5e+1]] * v[
    t]) - [[3.0e+1]]))) ; y(s)= ([[1.0000000000000001e-1]] * ((([[4.5e+1]] + [[
    3.0e+1]]) * v[s]) - [[3.0e+1]]))]),sampling : (controller2 :(2,4),
    controller1 :(1,5)),response : (controller2 :(6,8), controller1 :(7,9)),
    timer : 0,samplingIDs : (controller2 controller1),responseIDs : (
    controller2 controller1) > < console . consoleProc . consoleThread : Thread
    | properties : ((TimingProperties::Period => {{10}}) ; (
    HybridSynchAADL::Synchronous => {{(true).Bool}}) ;
    HybridSynchAADL::MaxClockDeviation => {{1.0000000000000001e-1}}),features :
    (< tempmax : DataOutPort | properties : DataModel::InitialValue => {{50}},
    content : [5.0e+1] # [(true).Bool] > < tempmin : DataOutPort | properties :
    DataModel::InitialValue => {{20}},content : [2.0e+1] # [(true).Bool] >),
    subcomponents : none,connections : empty,varGen : <
    "Thermostat2ConimplInstance.console.consoleProc.consoleThread" >,currState
    : idle,completeStates : idle,variables : empty,transitions : ((select -[[[(
    true).Bool]]]-> idle {(f{tempmax} := [[50]]) ; f{tempmin} := [[20]]}) ;
    idle -[on dispatch]-> select {skip}),loopBound : 10,transBound : 10 > <
    controller2 . ctrlProc . ctrlThread : Thread | properties : ((
    TimingProperties::Period => {{10}}) ; (HybridSynchAADL::Synchronous => {{(
    true).Bool}}) ; (HybridSynchAADL::MaxClockDeviation => {{
    1.0000000000000001e-1}}) ; (HybridSynchAADL::SamplingTime => {{2.0 ..
    4.0}}) ; HybridSynchAADL::ResponseTime => {{6.0 .. 8.0}}),features : (<
    tempmax : DataInPort | properties : none,content : [0.0] # [(false).Bool],
    cache : [5.0e+1] # [(true).Bool] > < currtemp : DataInPort | properties :
    none,content : [0.0] # [(false).Bool],cache : [-1.8070876426874958] # [(
    true).Bool] > < offcontrol : DataOutPort | properties : none,content : * #
    [(false).Bool] > < oncontrol : DataOutPort | properties : none,content : *
    # [(false).Bool] > < tempmin : DataInPort | properties : none,content : [
    0.0] # [(false).Bool],cache : [2.0e+1] # [(true).Bool] >),subcomponents :
    none,connections : empty,varGen : <
    "Thermostat2ConimplInstance.controller2.ctrlProc.ctrlThread" >,currState :
    init,completeStates : init,variables : empty,transitions : init -[on
    dispatch]-> init {if(f[currtemp] > f[tempmax]){offcontrol !} (elsif(f[
    currtemp] < f[tempmin]){oncontrol !}) end if},loopBound : 10,transBound :
    10 > < controller1 . ctrlProc . ctrlThread : Thread | properties : ((
    TimingProperties::Period => {{10}}) ; (HybridSynchAADL::Synchronous => {{(
    true).Bool}}) ; (HybridSynchAADL::MaxClockDeviation => {{
    1.0000000000000001e-1}}) ; (HybridSynchAADL::SamplingTime => {{1.0 ..
    5.0}}) ; HybridSynchAADL::ResponseTime => {{7.0 .. 9.0}}),features : (<
    tempmax : DataInPort | properties : none,content : [0.0] # [(false).Bool],
    cache : [5.0e+1] # [(true).Bool] > < currtemp : DataInPort | properties :
    none,content : [0.0] # [(false).Bool],cache : [-1.0275406359013964e+1] # [(
    true).Bool] > < offcontrol : DataOutPort | properties : none,content : * #
    [(false).Bool] > < oncontrol : DataOutPort | properties : none,content : *
    # [(false).Bool] > < tempmin : DataInPort | properties : none,content : [
    0.0] # [(false).Bool],cache : [2.0e+1] # [(true).Bool] >),subcomponents :
    none,connections : empty,varGen : <
    "Thermostat2ConimplInstance.controller1.ctrlProc.ctrlThread" >,currState :
    init,completeStates : init,variables : empty,transitions : init -[on
    dispatch]-> init {if(f[currtemp] > f[tempmax]){offcontrol !} (elsif(f[
    currtemp] < f[tempmin]){oncontrol !}) end if},loopBound : 10,transBound :
    10 >),connections : (((environment .. temp2) --> ((controller2 . ctrlProc .
    ctrlThread) .. currtemp)) ; ((environment .. temp1) --> ((controller1 .
    ctrlProc . ctrlThread) .. currtemp)) ; (((console . consoleProc .
    consoleThread) .. tempmax) --> ((controller2 . ctrlProc . ctrlThread) ..
    tempmax)) ; (((console . consoleProc . consoleThread) .. tempmax) --> ((
    controller1 . ctrlProc . ctrlThread) .. tempmax)) ; (((console .
    consoleProc . consoleThread) .. tempmin) --> ((controller2 . ctrlProc .
    ctrlThread) .. tempmin)) ; (((console . consoleProc . consoleThread) ..
    tempmin) --> ((controller1 . ctrlProc . ctrlThread) .. tempmin)) ; (((
    controller2 . ctrlProc . ctrlThread) .. offcontrol) --> (environment ..
    offheater2)) ; (((controller2 . ctrlProc . ctrlThread) .. oncontrol) --> (
    environment .. onheater2)) ; (((controller1 . ctrlProc . ctrlThread) ..
    offcontrol) --> (environment .. offheater1)) ; ((controller1 . ctrlProc .
    ctrlThread) .. oncontrol) --> (environment .. onheater1)) >,2400}}
Bye.
