==========================================
reduce in TEST-THREAD-DYNAMICS : finalConst(obj1) .
rewrites: 4
result SMTBoolValue: [(true).Bool]
==========================================
reduce in TEST-THREAD-DYNAMICS : finalConst(obj2) .
rewrites: 4
result SMTBoolValue: [(true).Bool]
==========================================
search in TEST-THREAD-DYNAMICS : executeStep([(true).Bool], obj1 transIn(r(4) #
    [(true).Bool], c1 .. inp), false) =>* C:ConstConfig .

Solution 1 (state 2)
states: 3  rewrites: 432
C:ConstConfig --> r(4) < r(1) + [(1).NzNat] || < c1 : Thread | properties :
    none,features : (< inp : DataInPort | properties : none,content : [(
    0).Zero] # [(false).Bool],cache : r(4) # [(true).Bool] > < outp :
    DataOutPort | properties : none,content : r(4) + [(2).NzNat] # [(
    true).Bool] >),subcomponents : (< x : Data | properties : none,features :
    none,subcomponents : none,connections : empty,value : r(1) + [(1).NzNat] #
    [(true).Bool] > < y : Data | properties : none,features : none,
    subcomponents : none,connections : empty,value : r(4) # [(true).Bool] >),
    connections : empty,varGen : < "c1",1,2 >,currState : loc([(0).Zero]),
    completeStates : loc([(0).Zero]),variables : ((a : Real) ; b : Real),
    transitions : ((loc([(0).Zero]) -[on dispatch]-> loc([(1).NzNat]) {(c{x} :=
    (c[x] + [[(1).NzNat]])) ; (v{a} := f[inp]) ; c{y} := v[a]}) ; loc([(
    1).NzNat]) -[c[x] > c[y]]-> loc([(0).Zero]) {(v{b} := (c[y] + [[(
    1).NzNat]])) ; f{outp} := (v[b] + [[(1).NzNat]])}),loopBound : 10,
    transBound : 10 >

No more solutions.
states: 3  rewrites: 432
==========================================
search in TEST-THREAD-DYNAMICS : executeStep([(true).Bool], obj1 transIn(r(4) #
    [(true).Bool], c1 .. inp), true) =>* C:ConstConfig .

Solution 1 (state 0)
states: 1  rewrites: 449
C:ConstConfig --> r(4) < r(1) + [(1).NzNat] || < c1 : Thread | properties :
    none,features : (< inp : DataInPort | properties : none,content : [(
    0).Zero] # [(false).Bool],cache : r(4) # [(true).Bool] > < outp :
    DataOutPort | properties : none,content : r(4) + [(2).NzNat] # [(
    true).Bool] >),subcomponents : (< x : Data | properties : none,features :
    none,subcomponents : none,connections : empty,value : r(1) + [(1).NzNat] #
    [(true).Bool] > < y : Data | properties : none,features : none,
    subcomponents : none,connections : empty,value : r(4) # [(true).Bool] >),
    connections : empty,varGen : < "c1",1,2 >,currState : loc([(0).Zero]),
    completeStates : loc([(0).Zero]),variables : ((a : Real) ; b : Real),
    transitions : ((loc([(0).Zero]) -[on dispatch]-> loc([(1).NzNat]) {(c{x} :=
    (c[x] + [[(1).NzNat]])) ; (v{a} := f[inp]) ; c{y} := v[a]}) ; loc([(
    1).NzNat]) -[c[x] > c[y]]-> loc([(0).Zero]) {(v{b} := (c[y] + [[(
    1).NzNat]])) ; f{outp} := (v[b] + [[(1).NzNat]])}),loopBound : 10,
    transBound : 10 >

No more solutions.
states: 1  rewrites: 449
==========================================
search in TEST-THREAD-DYNAMICS : executeStep([(true).Bool], obj2 transIn(r(5) #
    [(true).Bool], c2 .. inp), false) =>* C:ConstConfig .

Solution 1 (state 4)
states: 5  rewrites: 486
C:ConstConfig --> (not [(2).NzNat] < r(5) * [(1/2).PosRat] and [(0).Zero] < r(
    5)) || < c2 : Thread | properties : none,features : (< inp : DataInPort |
    properties : none,content : [(0).Zero] # [(false).Bool],cache : r(5) # [(
    true).Bool] > < outp : DataOutPort | properties : none,content : [(
    -2).NzInt] + r(5) * [(1/2).PosRat] # [(true).Bool] >),subcomponents : < z :
    Data | properties : none,features : none,subcomponents : none,connections :
    empty,value : r(5) * [(1/2).PosRat] # [(true).Bool] >,connections : empty,
    varGen : < "c2",10,20 >,currState : loc([(2).NzNat]),completeStates : (loc(
    [(0).Zero]) loc([(2).NzNat])),variables : a : Real,transitions : ((loc([(
    0).Zero]) -[on dispatch]-> loc([(1).NzNat]) {(v{a} := f[inp]) ; if(v[a] > [
    [(0).Zero]])c{z} := (v[a] * [[5.0e-1]]) end if}) ; (loc([(1).NzNat]) -[
    otherwise]-> loc([(2).NzNat]) {f{outp} := (c[z] - [[(2).NzNat]])}) ; (loc([
    (1).NzNat]) -[c[z] > [[(2).NzNat]]]-> loc([(2).NzNat]) {f{outp} := (c[z] +
    [[(1).NzNat]])}) ; loc([(2).NzNat]) -[on dispatch]-> loc([(0).Zero]) {
    skip}),loopBound : 10,transBound : 10 >

Solution 2 (state 5)
states: 6  rewrites: 633
C:ConstConfig --> ([(0).Zero] < r(5) and [(2).NzNat] < r(5) * [(1/2).PosRat])
    || < c2 : Thread | properties : none,features : (< inp : DataInPort |
    properties : none,content : [(0).Zero] # [(false).Bool],cache : r(5) # [(
    true).Bool] > < outp : DataOutPort | properties : none,content : [(
    1).NzNat] + r(5) * [(1/2).PosRat] # [(true).Bool] >),subcomponents : < z :
    Data | properties : none,features : none,subcomponents : none,connections :
    empty,value : r(5) * [(1/2).PosRat] # [(true).Bool] >,connections : empty,
    varGen : < "c2",10,20 >,currState : loc([(2).NzNat]),completeStates : (loc(
    [(0).Zero]) loc([(2).NzNat])),variables : a : Real,transitions : ((loc([(
    0).Zero]) -[on dispatch]-> loc([(1).NzNat]) {(v{a} := f[inp]) ; if(v[a] > [
    [(0).Zero]])c{z} := (v[a] * [[5.0e-1]]) end if}) ; (loc([(1).NzNat]) -[
    otherwise]-> loc([(2).NzNat]) {f{outp} := (c[z] - [[(2).NzNat]])}) ; (loc([
    (1).NzNat]) -[c[z] > [[(2).NzNat]]]-> loc([(2).NzNat]) {f{outp} := (c[z] +
    [[(1).NzNat]])}) ; loc([(2).NzNat]) -[on dispatch]-> loc([(0).Zero]) {
    skip}),loopBound : 10,transBound : 10 >

Solution 3 (state 6)
states: 7  rewrites: 826
C:ConstConfig --> (not [(0).Zero] < r(5) and not [(2).NzNat] < r(3)) || < c2 :
    Thread | properties : none,features : (< inp : DataInPort | properties :
    none,content : [(0).Zero] # [(false).Bool],cache : r(5) # [(true).Bool] > <
    outp : DataOutPort | properties : none,content : r(3) + [(-2).NzInt] # [(
    true).Bool] >),subcomponents : < z : Data | properties : none,features :
    none,subcomponents : none,connections : empty,value : r(3) # [(true).Bool]
    >,connections : empty,varGen : < "c2",10,20 >,currState : loc([(2).NzNat]),
    completeStates : (loc([(0).Zero]) loc([(2).NzNat])),variables : a : Real,
    transitions : ((loc([(0).Zero]) -[on dispatch]-> loc([(1).NzNat]) {(v{a} :=
    f[inp]) ; if(v[a] > [[(0).Zero]])c{z} := (v[a] * [[5.0e-1]]) end if}) ; (
    loc([(1).NzNat]) -[otherwise]-> loc([(2).NzNat]) {f{outp} := (c[z] - [[(
    2).NzNat]])}) ; (loc([(1).NzNat]) -[c[z] > [[(2).NzNat]]]-> loc([(
    2).NzNat]) {f{outp} := (c[z] + [[(1).NzNat]])}) ; loc([(2).NzNat]) -[on
    dispatch]-> loc([(0).Zero]) {skip}),loopBound : 10,transBound : 10 >

Solution 4 (state 7)
states: 8  rewrites: 961
C:ConstConfig --> (not [(0).Zero] < r(5) and [(2).NzNat] < r(3)) || < c2 :
    Thread | properties : none,features : (< inp : DataInPort | properties :
    none,content : [(0).Zero] # [(false).Bool],cache : r(5) # [(true).Bool] > <
    outp : DataOutPort | properties : none,content : r(3) + [(1).NzNat] # [(
    true).Bool] >),subcomponents : < z : Data | properties : none,features :
    none,subcomponents : none,connections : empty,value : r(3) # [(true).Bool]
    >,connections : empty,varGen : < "c2",10,20 >,currState : loc([(2).NzNat]),
    completeStates : (loc([(0).Zero]) loc([(2).NzNat])),variables : a : Real,
    transitions : ((loc([(0).Zero]) -[on dispatch]-> loc([(1).NzNat]) {(v{a} :=
    f[inp]) ; if(v[a] > [[(0).Zero]])c{z} := (v[a] * [[5.0e-1]]) end if}) ; (
    loc([(1).NzNat]) -[otherwise]-> loc([(2).NzNat]) {f{outp} := (c[z] - [[(
    2).NzNat]])}) ; (loc([(1).NzNat]) -[c[z] > [[(2).NzNat]]]-> loc([(
    2).NzNat]) {f{outp} := (c[z] + [[(1).NzNat]])}) ; loc([(2).NzNat]) -[on
    dispatch]-> loc([(0).Zero]) {skip}),loopBound : 10,transBound : 10 >

No more solutions.
states: 8  rewrites: 985
==========================================
search in TEST-THREAD-DYNAMICS : executeStep([(true).Bool], obj2 transIn(r(5) #
    [(true).Bool], c2 .. inp), true) =>* C:ConstConfig .

Solution 1 (state 0)
states: 1  rewrites: 1322
C:ConstConfig --> ((not [(0).Zero] < r(5) and not [(2).NzNat] < r(3) and r(
    "c2", 10) === r(3) + [(-2).NzInt] or not [(0).Zero] < r(5) and r("c2", 10)
    === r(3) + [(1).NzNat] and [(2).NzNat] < r(3)) and r("c2", 11) === r(3) or
    not [(2).NzNat] < r(5) * [(1/2).PosRat] and r("c2", 10) === [(-2).NzInt] +
    r(5) * [(1/2).PosRat] and r("c2", 11) === r(5) * [(1/2).PosRat] and [(
    0).Zero] < r(5) or r("c2", 10) === [(1).NzNat] + r(5) * [(1/2).PosRat] and
    r("c2", 11) === r(5) * [(1/2).PosRat] and [(0).Zero] < r(5) and [(2).NzNat]
    < r(5) * [(1/2).PosRat]) || < c2 : Thread | properties : none,features : (<
    inp : DataInPort | properties : none,content : [(0).Zero] # [(false).Bool],
    cache : r(5) # [(true).Bool] > < outp : DataOutPort | properties : none,
    content : r("c2", 10) # [(true).Bool] >),subcomponents : < z : Data |
    properties : none,features : none,subcomponents : none,connections : empty,
    value : r("c2", 11) # [(true).Bool] >,connections : empty,varGen : < "c2",
    12,20 >,currState : loc([(2).NzNat]),completeStates : (loc([(0).Zero]) loc(
    [(2).NzNat])),variables : a : Real,transitions : ((loc([(0).Zero]) -[on
    dispatch]-> loc([(1).NzNat]) {(v{a} := f[inp]) ; if(v[a] > [[(0).Zero]])c{
    z} := (v[a] * [[5.0e-1]]) end if}) ; (loc([(1).NzNat]) -[otherwise]-> loc([
    (2).NzNat]) {f{outp} := (c[z] - [[(2).NzNat]])}) ; (loc([(1).NzNat]) -[c[z]
    > [[(2).NzNat]]]-> loc([(2).NzNat]) {f{outp} := (c[z] + [[(1).NzNat]])}) ;
    loc([(2).NzNat]) -[on dispatch]-> loc([(0).Zero]) {skip}),loopBound : 10,
    transBound : 10 >

No more solutions.
states: 1  rewrites: 1322
Bye.
