==========================================
reduce in TEST-THERMOSTAT-SYSTEM : initCond .
rewrites: 1
result PropSpec: ((top . environment) | ((c[e] < [[(1).NzNat]]) and (c[e] > [[(
    0).Zero]]))) or not((top . controller) | (c[lower] < [[(20).NzNat]]))
==========================================
reduce in TEST-THERMOSTAT-SYSTEM : goalCond .
rewrites: 1
result PropSpec: top | ((controller | c[curr]) > environment | c[x])
==========================================
reduce in TEST-THERMOSTAT-SYSTEM : normalize(nilComponentRef, initCond) .
rewrites: 15
result NPropSpec: ((((top . environment) | c[e]) < [[(1).NzNat]]) and (((top .
    environment) | c[e]) > [[(0).Zero]])) or not(((top . controller) | c[
    lower]) < [[(20).NzNat]])
==========================================
reduce in TEST-THERMOSTAT-SYSTEM : eval([[(true).Bool]], initState) .
rewrites: 193
result SMTBoolValue: [(true).Boolean and (true).Boolean]
==========================================
reduce in TEST-THERMOSTAT-SYSTEM : eval([[(false).Bool]], initState) .
rewrites: 9
result SMTBoolValue: [(true).Boolean and (false).Boolean]
==========================================
reduce in TEST-THERMOSTAT-SYSTEM : eval((top . controller) | (c[lower] < [[(
    20).NzNat]]), initState) .
rewrites: 37
result SMTBoolValue: [(true).Boolean and (true).Boolean and (10/1).Real < (
    20/1).Real]
==========================================
reduce in TEST-THERMOSTAT-SYSTEM : eval((top . controller) | (c[lower] > [[(
    20).NzNat]]), initState) .
rewrites: 33
result SMTBoolValue: [(true).Boolean and (true).Boolean and (10/1).Real > (
    20/1).Real]
==========================================
reduce in TEST-THERMOSTAT-SYSTEM : eval((top . environment) | ((c[e] < [[(
    1).NzNat]]) and (c[e] > [[(0).Zero]])), initState) .
rewrites: 62
result SMTBoolExp: [(true).Boolean and (true).Boolean and ((true).Boolean and (
    true).Boolean) and (r('top.environment#$#1) < (1/1).Real and r(
    'top.environment#$#1) > (0/1).Real)]
==========================================
reduce in TEST-THERMOSTAT-SYSTEM : eval(initCond, initState) .
rewrites: 101
result SMTBoolExp: [(true).Boolean and (true).Boolean and ((true).Boolean and (
    true).Boolean and ((true).Boolean and (true).Boolean)) and (not (10/1).Real
    < (20/1).Real or r('top.environment#$#1) < (1/1).Real and r(
    'top.environment#$#1) > (0/1).Real)]
==========================================
reduce in TEST-THERMOSTAT-SYSTEM : eval(goalCond, initState) .
rewrites: 41
result SMTBoolValue: [(true).Boolean and (true).Boolean and (15/1).Real > (
    16/1).Real]
==========================================
search [1, 10] in TEST-THERMOSTAT-SYSTEM : {eval(initCond, initState) ||
    initState | 0 | infty} =>* {B:BoolExp || OBJ:Object | T:Time | infty} such
    that check-sat(B:BoolExp and eval(goalCond, OBJ:Object)) = (true).Bool .

No solution.
states: 1  rewrites: 360
Bye.
