==========================================
reduce in SMT-CHECKSAT : check-sat(r(0) < [(3/1).Real] and r(0) > [(1/1).Real])
    .
rewrites: 12
result SmtCheckResult: smtCheck(r('#$#0) < (3/1).Real and r('#$#0) > (
    1/1).Real, ff)
==========================================
reduce in SMT-CHECKSAT : check-sat(r(0) < [(3/1).Real] and r(0) > [(1/1).Real])
    .
rewrites: 12
result SmtCheckResult: smtCheck(r('#$#0) < (3/1).Real and r('#$#0) > (
    1/1).Real, ff)
==========================================
reduce in SMT-CHECKSAT : check-sat(r("a.b", 0) < [(3/1).Real] and r("a.b", 0) >
    [(1/1).Real]) .
rewrites: 12
result SmtCheckResult: smtCheck(r('a.b#$#0) < (3/1).Real and r('a.b#$#0) > (
    1/1).Real, ff)
==========================================
reduce in SMT-CHECKSAT : check-sat(r("a", 0) < [(3/1).Real] and r("b", 0) > [(
    1/1).Real]) .
rewrites: 19
result SmtCheckResult: smtCheck(r('a#$#0) < (3/1).Real and r('b#$#0) > (
    1/1).Real, ff)
==========================================
reduce in SMT-CHECKSAT : check-sat(r(0) < [(3/1).Real] and r(0) > [(1/2).Real])
    .
rewrites: 12
result SmtCheckResult: smtCheck(r('#$#0) < (3/1).Real and r('#$#0) > (
    1/2).Real, ff)
==========================================
reduce in SMT-CHECKSAT : check-sat(r(0) < [(3/7).Real] and r(0) > [(1/2).Real])
    .
rewrites: 12
result SmtCheckResult: smtCheck(r('#$#0) < (3/7).Real and r('#$#0) > (
    1/2).Real, ff)
==========================================
reduce in SMT-CHECKSAT : check-sat(r("a.b", 0) < [(3/1).Real] and r("a.b", 0) >
    [(1/2).Real]) .
rewrites: 12
result SmtCheckResult: smtCheck(r('a.b#$#0) < (3/1).Real and r('a.b#$#0) > (
    1/2).Real, ff)
==========================================
reduce in SMT-CHECKSAT : check-sat(r("a", 0) < [(3/7).Real] and r("b", 0) > [(
    1/2).Real]) .
rewrites: 19
result SmtCheckResult: smtCheck(r('a#$#0) < (3/7).Real and r('b#$#0) > (
    1/2).Real, ff)
==========================================
reduce in SMT-CHECKSAT : check-sat(r("a", 0) < [(3/7).Real] and r("a", 0) > [(
    1/2).Real]) .
rewrites: 12
result SmtCheckResult: smtCheck(r('a#$#0) < (3/7).Real and r('a#$#0) > (
    1/2).Real, ff)
Bye.
