==========================================
reduce in TEST-ENV-TRANSITION-SEMANTICS-META : execEnvMerge(time([(0).Zero])
    mode(loc(r("mode", 0))) vargen(< "G",5,5 >) sampling(cr1 :(0,1)) response(
    cr1 :(4/7,3)) jumps((loc([(0).Zero]) -[on1]-> loc([(1).NzNat])) ; loc([(
    1).NzNat]) -[off1]-> loc([(0).Zero])) flows((loc([(0).Zero]) [x(t)= (c[x] -
    (v[t] * [[1.0000000000000001e-1]]))]) ; loc([(1).NzNat]) [x(t)= (c[x] + (v[
    t] * [[2.0000000000000001e-1]]))]) bcf envcon(conx, envports)) .
rewrites: 977
result BATransResult: loc(r("G", 7)) | on1 |-> ([(0).Zero] # b(0) : [(
    true).Bool]), on2 |-> ([(0).Zero] # b(1) : [(true).Bool]), off1 |-> ([(
    0).Zero] # b(2) : [(true).Bool]), off2 |-> ([(0).Zero] # b(3) : [(
    true).Bool]), a |-> r("G", 8) # [(true).Bool] | x |=> r("G", 9) # [(
    true).Bool], y |=> r("y", 0) # [(true).Bool] | not [(2).NzNat] < r("G", 5)
    and not [(5).NzNat] < r("G", 5) and not [(5).NzNat] < r("G", 6) and not r(
    "G", 5) < [(0).Zero] and not r("G", 6) < r("G", 5) and r("G", 6) === [(
    5).NzNat] and r("G", 7) === [(0).Zero] and r("G", 8) === [(3/4).PosRat] + -
    r("G", 5) * [(3602879701896397/36028797018963968).PosRat] and r("G", 9) ===
    [(3/4).PosRat] + - r("G", 6) * [(
    3602879701896397/36028797018963968).PosRat] and r("mode", 0) === [(0).Zero]
    or not [(2).NzNat] < r("G", 5) and not [(5).NzNat] < r("G", 5) and not [(
    5).NzNat] < r("G", 6) and not r("G", 5) < [(0).Zero] and not r("G", 6) < r(
    "G", 5) and r("G", 6) === [(5).NzNat] and r("G", 7) === [(1).NzNat] and r(
    "G", 8) === [(3/4).PosRat] + [(3602879701896397/18014398509481984).PosRat]
    * r("G", 5) and r("G", 9) === [(3/4).PosRat] + - r("G", 5) * [(
    3602879701896397/18014398509481984).PosRat] + [(
    3602879701896397/18014398509481984).PosRat] * r("G", 5) + [(
    3602879701896397/18014398509481984).PosRat] * r("G", 6) and r("mode", 0)
    === [(1).NzNat] | < "G",10,5 >
==========================================
reduce in TEST-ENV-TRANSITION-SEMANTICS-META : execEnvMerge(time([(0).Zero])
    mode(loc(r("mode", 0))) vargen(< "G",5,5 >) sampling((cr1 :(0,1), cr2 :(
    3/2,5/2))) response((cr1 :(4/7,3), cr2 :(13/4,4))) jumps(trans) flows(
    flows) bcf envcon(conx, envports)) .
rewrites: 10672
result BATransResult: loc(r("G", 10)) | on1 |-> ([(0).Zero] # b(0) : [(
    true).Bool]), on2 |-> ([(0).Zero] # b(1) : [(true).Bool]), off1 |-> ([(
    0).Zero] # b(2) : [(true).Bool]), off2 |-> ([(0).Zero] # b(3) : [(
    true).Bool]), a |-> r("G", 8) # [(true).Bool], b |-> r("G", 9) # [(
    true).Bool] | x |=> r("G", 12) # [(true).Bool], y |=> r("G", 11) # [(
    true).Bool] | ((not [(2).NzNat] < r("G", 5) and not [(5).NzNat] < r("G", 5)
    and not [(5).NzNat] < r("G", 6) and not [(5).NzNat] < r("G", 7) and not [(
    7/2).PosRat] < r("G", 6) and not r("G", 5) < [(0).Zero] and not r("G", 6) <
    [(3/2).PosRat] and not r("G", 6) < r("G", 5) and not r("G", 7) < r("G", 6)
    and r("G", 7) === [(5).NzNat] and r("G", 8) === [(3/4).PosRat] + - r("G",
    5) * [(3602879701896397/36028797018963968).PosRat] and r("G", 9) === - r(
    "G", 6) * [(5404319552844595/18014398509481984).PosRat] + r("y", 0) and r(
    "mode", 0) === [(0).Zero] or not [(2).NzNat] < r("G", 6) and not [(
    5).NzNat] < r("G", 5) and not [(5).NzNat] < r("G", 6) and not [(5).NzNat] <
    r("G", 7) and not [(7/2).PosRat] < r("G", 5) and not r("G", 5) < [(0).Zero]
    and not r("G", 5) < [(3/2).PosRat] and not r("G", 6) < [(0).Zero] and not
    r("G", 6) < r("G", 5) and not r("G", 7) < r("G", 6) and r("G", 7) === [(
    5).NzNat] and r("G", 8) === [(3/4).PosRat] + - r("G", 6) * [(
    3602879701896397/36028797018963968).PosRat] and r("G", 9) === - r("G", 5) *
    [(5404319552844595/18014398509481984).PosRat] + r("y", 0) and r("mode", 0)
    === [(0).Zero]) and r("G", 10) === [(0).Zero] and r("G", 11) === - r("G",
    7) * [(5404319552844595/18014398509481984).PosRat] + r("y", 0) or not [(
    2).NzNat] < r("G", 5) and not [(5).NzNat] < r("G", 5) and not [(5).NzNat] <
    r("G", 6) and not [(5).NzNat] < r("G", 7) and not [(7/2).PosRat] < r("G",
    6) and not r("G", 5) < [(0).Zero] and not r("G", 6) < [(3/2).PosRat] and
    not r("G", 6) < r("G", 5) and not r("G", 7) < r("G", 6) and r("G", 7) === [
    (5).NzNat] and r("G", 8) === [(3/4).PosRat] + - r("G", 5) * [(
    3602879701896397/36028797018963968).PosRat] and r("G", 9) === - r("G", 5) *
    [(1/2).PosRat] + [(1/2).PosRat] * r("G", 5) + [(1/2).PosRat] * r("G", 6) +
    r("y", 0) and r("G", 10) === [(1).NzNat] and r("G", 11) === - r("G", 5) * [
    (1/2).PosRat] + - r("G", 6) * [(1/2).PosRat] + [(1/2).PosRat] * r("G", 5) +
    [(1/2).PosRat] * r("G", 6) + [(1/2).PosRat] * r("G", 7) + r("y", 0) and r(
    "mode", 0) === [(1).NzNat] or not [(2).NzNat] < r("G", 6) and not [(
    5).NzNat] < r("G", 5) and not [(5).NzNat] < r("G", 6) and not [(5).NzNat] <
    r("G", 7) and not [(7/2).PosRat] < r("G", 5) and not r("G", 5) < [(0).Zero]
    and not r("G", 5) < [(3/2).PosRat] and not r("G", 6) < [(0).Zero] and not
    r("G", 6) < r("G", 5) and not r("G", 7) < r("G", 6) and r("G", 7) === [(
    5).NzNat] and r("G", 8) === [(3/4).PosRat] + - r("G", 6) * [(
    3602879701896397/36028797018963968).PosRat] and r("G", 9) === [(
    1/2).PosRat] * r("G", 5) + r("y", 0) and r("G", 10) === [(1).NzNat] and r(
    "G", 11) === - r("G", 5) * [(1/2).PosRat] + - r("G", 6) * [(1/2).PosRat] +
    [(1/2).PosRat] * r("G", 5) + [(1/2).PosRat] * r("G", 6) + [(1/2).PosRat] *
    r("G", 7) + r("y", 0) and r("mode", 0) === [(1).NzNat]) and r("G", 12) ===
    [(3/4).PosRat] + - r("G", 7) * [(
    3602879701896397/36028797018963968).PosRat] or not [(2).NzNat] < r("G", 5)
    and not [(5).NzNat] < r("G", 5) and not [(5).NzNat] < r("G", 6) and not [(
    5).NzNat] < r("G", 7) and not [(7/2).PosRat] < r("G", 6) and not r("G", 5)
    < [(0).Zero] and not r("G", 6) < [(3/2).PosRat] and not r("G", 6) < r("G",
    5) and not r("G", 7) < r("G", 6) and r("G", 7) === [(5).NzNat] and r("G",
    8) === [(3/4).PosRat] + [(3602879701896397/18014398509481984).PosRat] * r(
    "G", 5) and r("G", 9) === - r("G", 6) * [(
    5404319552844595/18014398509481984).PosRat] + r("y", 0) and r("G", 10) ===
    [(2).NzNat] and r("G", 11) === - r("G", 7) * [(
    5404319552844595/18014398509481984).PosRat] + r("y", 0) and r("G", 12) ===
    [(3/4).PosRat] + - r("G", 5) * [(
    3602879701896397/18014398509481984).PosRat] + - r("G", 6) * [(
    3602879701896397/18014398509481984).PosRat] + [(
    3602879701896397/18014398509481984).PosRat] * r("G", 5) + [(
    3602879701896397/18014398509481984).PosRat] * r("G", 6) + [(
    3602879701896397/18014398509481984).PosRat] * r("G", 7) and r("mode", 0)
    === [(2).NzNat] or not [(2).NzNat] < r("G", 5) and not [(5).NzNat] < r("G",
    5) and not [(5).NzNat] < r("G", 6) and not [(5).NzNat] < r("G", 7) and not
    [(7/2).PosRat] < r("G", 6) and not r("G", 5) < [(0).Zero] and not r("G", 6)
    < [(3/2).PosRat] and not r("G", 6) < r("G", 5) and not r("G", 7) < r("G",
    6) and r("G", 7) === [(5).NzNat] and r("G", 8) === [(3/4).PosRat] + [(
    3602879701896397/18014398509481984).PosRat] * r("G", 5) and r("G", 9) === -
    r("G", 5) * [(1/2).PosRat] + [(1/2).PosRat] * r("G", 5) + [(1/2).PosRat] *
    r("G", 6) + r("y", 0) and r("G", 10) === [(3).NzNat] and r("G", 11) === -
    r("G", 5) * [(1/2).PosRat] + - r("G", 6) * [(1/2).PosRat] + [(1/2).PosRat]
    * r("G", 5) + [(1/2).PosRat] * r("G", 6) + [(1/2).PosRat] * r("G", 7) + r(
    "y", 0) and r("G", 12) === [(3/4).PosRat] + - r("G", 5) * [(
    3602879701896397/18014398509481984).PosRat] + - r("G", 6) * [(
    3602879701896397/18014398509481984).PosRat] + [(
    3602879701896397/18014398509481984).PosRat] * r("G", 5) + [(
    3602879701896397/18014398509481984).PosRat] * r("G", 6) + [(
    3602879701896397/18014398509481984).PosRat] * r("G", 7) and r("mode", 0)
    === [(3).NzNat] or not [(2).NzNat] < r("G", 6) and not [(5).NzNat] < r("G",
    5) and not [(5).NzNat] < r("G", 6) and not [(5).NzNat] < r("G", 7) and not
    [(7/2).PosRat] < r("G", 5) and not r("G", 5) < [(0).Zero] and not r("G", 5)
    < [(3/2).PosRat] and not r("G", 6) < [(0).Zero] and not r("G", 6) < r("G",
    5) and not r("G", 7) < r("G", 6) and r("G", 7) === [(5).NzNat] and r("G",
    8) === [(3/4).PosRat] + - r("G", 5) * [(
    3602879701896397/18014398509481984).PosRat] + [(
    3602879701896397/18014398509481984).PosRat] * r("G", 5) + [(
    3602879701896397/18014398509481984).PosRat] * r("G", 6) and r("G", 9) === -
    r("G", 5) * [(5404319552844595/18014398509481984).PosRat] + r("y", 0) and
    r("G", 10) === [(2).NzNat] and r("G", 11) === - r("G", 7) * [(
    5404319552844595/18014398509481984).PosRat] + r("y", 0) and r("G", 12) ===
    [(3/4).PosRat] + - r("G", 5) * [(
    3602879701896397/18014398509481984).PosRat] + - r("G", 6) * [(
    3602879701896397/18014398509481984).PosRat] + [(
    3602879701896397/18014398509481984).PosRat] * r("G", 5) + [(
    3602879701896397/18014398509481984).PosRat] * r("G", 6) + [(
    3602879701896397/18014398509481984).PosRat] * r("G", 7) and r("mode", 0)
    === [(2).NzNat] or not [(2).NzNat] < r("G", 6) and not [(5).NzNat] < r("G",
    5) and not [(5).NzNat] < r("G", 6) and not [(5).NzNat] < r("G", 7) and not
    [(7/2).PosRat] < r("G", 5) and not r("G", 5) < [(0).Zero] and not r("G", 5)
    < [(3/2).PosRat] and not r("G", 6) < [(0).Zero] and not r("G", 6) < r("G",
    5) and not r("G", 7) < r("G", 6) and r("G", 7) === [(5).NzNat] and r("G",
    8) === [(3/4).PosRat] + - r("G", 5) * [(
    3602879701896397/18014398509481984).PosRat] + [(
    3602879701896397/18014398509481984).PosRat] * r("G", 5) + [(
    3602879701896397/18014398509481984).PosRat] * r("G", 6) and r("G", 9) === [
    (1/2).PosRat] * r("G", 5) + r("y", 0) and r("G", 10) === [(3).NzNat] and r(
    "G", 11) === - r("G", 5) * [(1/2).PosRat] + - r("G", 6) * [(1/2).PosRat] +
    [(1/2).PosRat] * r("G", 5) + [(1/2).PosRat] * r("G", 6) + [(1/2).PosRat] *
    r("G", 7) + r("y", 0) and r("G", 12) === [(3/4).PosRat] + - r("G", 5) * [(
    3602879701896397/18014398509481984).PosRat] + - r("G", 6) * [(
    3602879701896397/18014398509481984).PosRat] + [(
    3602879701896397/18014398509481984).PosRat] * r("G", 5) + [(
    3602879701896397/18014398509481984).PosRat] * r("G", 6) + [(
    3602879701896397/18014398509481984).PosRat] * r("G", 7) and r("mode", 0)
    === [(3).NzNat] | < "G",13,5 >
Bye.
