==========================================
search in TEST-ENV-TRANSITION-SEMANTICS : execEnv(time([(0).Zero]) mode(loc(r(
    "mode", 0))) vargen(< "G",5,5 >) sampling(cr1 :(0,1)) response(cr1 :(4/7,
    3)) jumps((loc([(0).Zero]) -[on1]-> loc([(1).NzNat])) ; loc([(1).NzNat]) -[
    off1]-> loc([(0).Zero])) flows((loc([(0).Zero]) [x(t)= (c[x] - (v[t] * [[
    1.0000000000000001e-1]]))]) ; loc([(1).NzNat]) [x(t)= (c[x] + (v[t] * [[
    2.0000000000000001e-1]]))]) bcf envcon(conx, envports)) =>+
    RESULT:BATransResult .

Solution 1 (state 7)
states: 8  rewrites: 752
RESULT:BATransResult --> loc([(0).Zero]) | on1 |-> ([(0).Zero] # b(0) : [(
    true).Bool]), on2 |-> ([(0).Zero] # b(1) : [(true).Bool]), off1 |-> ([(
    0).Zero] # b(2) : [(true).Bool]), off2 |-> ([(0).Zero] # b(3) : [(
    true).Bool]), a |-> [(3/4).PosRat] + - r("G", 5) * [(
    3602879701896397/36028797018963968).PosRat] # [(true).Bool] | x |=> [(
    3/4).PosRat] + - r("G", 6) * [(3602879701896397/36028797018963968).PosRat]
    # [(true).Bool], y |=> r("y", 0) # [(true).Bool] | not [(2).NzNat] < r("G",
    5) and not [(5).NzNat] < r("G", 5) and not [(5).NzNat] < r("G", 6) and not
    r("G", 5) < [(0).Zero] and not r("G", 6) < r("G", 5) and r("G", 6) === [(
    5).NzNat] and r("mode", 0) === [(0).Zero] | < "G",7,5 >

Solution 2 (state 8)
states: 9  rewrites: 903
RESULT:BATransResult --> loc([(1).NzNat]) | on1 |-> ([(0).Zero] # b(0) : [(
    true).Bool]), on2 |-> ([(0).Zero] # b(1) : [(true).Bool]), off1 |-> ([(
    0).Zero] # b(2) : [(true).Bool]), off2 |-> ([(0).Zero] # b(3) : [(
    true).Bool]), a |-> [(3/4).PosRat] + [(
    3602879701896397/18014398509481984).PosRat] * r("G", 5) # [(true).Bool] | x
    |=> [(3/4).PosRat] + - r("G", 5) * [(
    3602879701896397/18014398509481984).PosRat] + [(
    3602879701896397/18014398509481984).PosRat] * r("G", 5) + [(
    3602879701896397/18014398509481984).PosRat] * r("G", 6) # [(true).Bool], y
    |=> r("y", 0) # [(true).Bool] | not [(2).NzNat] < r("G", 5) and not [(
    5).NzNat] < r("G", 5) and not [(5).NzNat] < r("G", 6) and not r("G", 5) < [
    (0).Zero] and not r("G", 6) < r("G", 5) and r("G", 6) === [(5).NzNat] and
    r("mode", 0) === [(1).NzNat] | < "G",7,5 >

No more solutions.
states: 9  rewrites: 903
==========================================
search in TEST-ENV-TRANSITION-SEMANTICS : execEnv(time([(0).Zero]) mode(loc(r(
    "mode", 0))) vargen(< "G",5,5 >) sampling((cr1 :(0,1), cr2 :(3/2,5/2)))
    response((cr1 :(4/7,3), cr2 :(13/4,4))) jumps(trans) flows(flows) bcf
    envcon(conx, envports)) =>+ RESULT:BATransResult .

Solution 1 (state 53)
states: 54  rewrites: 6025
RESULT:BATransResult --> loc([(0).Zero]) | on1 |-> ([(0).Zero] # b(0) : [(
    true).Bool]), on2 |-> ([(0).Zero] # b(1) : [(true).Bool]), off1 |-> ([(
    0).Zero] # b(2) : [(true).Bool]), off2 |-> ([(0).Zero] # b(3) : [(
    true).Bool]), a |-> [(3/4).PosRat] + - r("G", 5) * [(
    3602879701896397/36028797018963968).PosRat] # [(true).Bool], b |-> - r("G",
    6) * [(5404319552844595/18014398509481984).PosRat] + r("y", 0) # [(
    true).Bool] | x |=> [(3/4).PosRat] + - r("G", 7) * [(
    3602879701896397/36028797018963968).PosRat] # [(true).Bool], y |=> - r("G",
    7) * [(5404319552844595/18014398509481984).PosRat] + r("y", 0) # [(
    true).Bool] | not [(2).NzNat] < r("G", 5) and not [(5).NzNat] < r("G", 5)
    and not [(5).NzNat] < r("G", 6) and not [(5).NzNat] < r("G", 7) and not [(
    7/2).PosRat] < r("G", 6) and not r("G", 5) < [(0).Zero] and not r("G", 6) <
    [(3/2).PosRat] and not r("G", 6) < r("G", 5) and not r("G", 7) < r("G", 6)
    and r("G", 7) === [(5).NzNat] and r("mode", 0) === [(0).Zero] | < "G",8,5 >

Solution 2 (state 54)
states: 55  rewrites: 6508
RESULT:BATransResult --> loc([(0).Zero]) | on1 |-> ([(0).Zero] # b(0) : [(
    true).Bool]), on2 |-> ([(0).Zero] # b(1) : [(true).Bool]), off1 |-> ([(
    0).Zero] # b(2) : [(true).Bool]), off2 |-> ([(0).Zero] # b(3) : [(
    true).Bool]), a |-> [(3/4).PosRat] + - r("G", 6) * [(
    3602879701896397/36028797018963968).PosRat] # [(true).Bool], b |-> - r("G",
    5) * [(5404319552844595/18014398509481984).PosRat] + r("y", 0) # [(
    true).Bool] | x |=> [(3/4).PosRat] + - r("G", 7) * [(
    3602879701896397/36028797018963968).PosRat] # [(true).Bool], y |=> - r("G",
    7) * [(5404319552844595/18014398509481984).PosRat] + r("y", 0) # [(
    true).Bool] | not [(2).NzNat] < r("G", 6) and not [(5).NzNat] < r("G", 5)
    and not [(5).NzNat] < r("G", 6) and not [(5).NzNat] < r("G", 7) and not [(
    7/2).PosRat] < r("G", 5) and not r("G", 5) < [(0).Zero] and not r("G", 5) <
    [(3/2).PosRat] and not r("G", 6) < [(0).Zero] and not r("G", 6) < r("G", 5)
    and not r("G", 7) < r("G", 6) and r("G", 7) === [(5).NzNat] and r("mode",
    0) === [(0).Zero] | < "G",8,5 >

Solution 3 (state 55)
states: 56  rewrites: 6991
RESULT:BATransResult --> loc([(1).NzNat]) | on1 |-> ([(0).Zero] # b(0) : [(
    true).Bool]), on2 |-> ([(0).Zero] # b(1) : [(true).Bool]), off1 |-> ([(
    0).Zero] # b(2) : [(true).Bool]), off2 |-> ([(0).Zero] # b(3) : [(
    true).Bool]), a |-> [(3/4).PosRat] + - r("G", 5) * [(
    3602879701896397/36028797018963968).PosRat] # [(true).Bool], b |-> - r("G",
    5) * [(1/2).PosRat] + [(1/2).PosRat] * r("G", 5) + [(1/2).PosRat] * r("G",
    6) + r("y", 0) # [(true).Bool] | x |=> [(3/4).PosRat] + - r("G", 7) * [(
    3602879701896397/36028797018963968).PosRat] # [(true).Bool], y |=> - r("G",
    5) * [(1/2).PosRat] + - r("G", 6) * [(1/2).PosRat] + [(1/2).PosRat] * r(
    "G", 5) + [(1/2).PosRat] * r("G", 6) + [(1/2).PosRat] * r("G", 7) + r("y",
    0) # [(true).Bool] | not [(2).NzNat] < r("G", 5) and not [(5).NzNat] < r(
    "G", 5) and not [(5).NzNat] < r("G", 6) and not [(5).NzNat] < r("G", 7) and
    not [(7/2).PosRat] < r("G", 6) and not r("G", 5) < [(0).Zero] and not r(
    "G", 6) < [(3/2).PosRat] and not r("G", 6) < r("G", 5) and not r("G", 7) <
    r("G", 6) and r("G", 7) === [(5).NzNat] and r("mode", 0) === [(1).NzNat] |
    < "G",8,5 >

Solution 4 (state 56)
states: 57  rewrites: 7474
RESULT:BATransResult --> loc([(1).NzNat]) | on1 |-> ([(0).Zero] # b(0) : [(
    true).Bool]), on2 |-> ([(0).Zero] # b(1) : [(true).Bool]), off1 |-> ([(
    0).Zero] # b(2) : [(true).Bool]), off2 |-> ([(0).Zero] # b(3) : [(
    true).Bool]), a |-> [(3/4).PosRat] + - r("G", 6) * [(
    3602879701896397/36028797018963968).PosRat] # [(true).Bool], b |-> [(
    1/2).PosRat] * r("G", 5) + r("y", 0) # [(true).Bool] | x |=> [(3/4).PosRat]
    + - r("G", 7) * [(3602879701896397/36028797018963968).PosRat] # [(
    true).Bool], y |=> - r("G", 5) * [(1/2).PosRat] + - r("G", 6) * [(
    1/2).PosRat] + [(1/2).PosRat] * r("G", 5) + [(1/2).PosRat] * r("G", 6) + [(
    1/2).PosRat] * r("G", 7) + r("y", 0) # [(true).Bool] | not [(2).NzNat] < r(
    "G", 6) and not [(5).NzNat] < r("G", 5) and not [(5).NzNat] < r("G", 6) and
    not [(5).NzNat] < r("G", 7) and not [(7/2).PosRat] < r("G", 5) and not r(
    "G", 5) < [(0).Zero] and not r("G", 5) < [(3/2).PosRat] and not r("G", 6) <
    [(0).Zero] and not r("G", 6) < r("G", 5) and not r("G", 7) < r("G", 6) and
    r("G", 7) === [(5).NzNat] and r("mode", 0) === [(1).NzNat] | < "G",8,5 >

Solution 5 (state 57)
states: 58  rewrites: 7957
RESULT:BATransResult --> loc([(2).NzNat]) | on1 |-> ([(0).Zero] # b(0) : [(
    true).Bool]), on2 |-> ([(0).Zero] # b(1) : [(true).Bool]), off1 |-> ([(
    0).Zero] # b(2) : [(true).Bool]), off2 |-> ([(0).Zero] # b(3) : [(
    true).Bool]), a |-> [(3/4).PosRat] + [(
    3602879701896397/18014398509481984).PosRat] * r("G", 5) # [(true).Bool], b
    |-> - r("G", 6) * [(5404319552844595/18014398509481984).PosRat] + r("y", 0)
    # [(true).Bool] | x |=> [(3/4).PosRat] + - r("G", 5) * [(
    3602879701896397/18014398509481984).PosRat] + - r("G", 6) * [(
    3602879701896397/18014398509481984).PosRat] + [(
    3602879701896397/18014398509481984).PosRat] * r("G", 5) + [(
    3602879701896397/18014398509481984).PosRat] * r("G", 6) + [(
    3602879701896397/18014398509481984).PosRat] * r("G", 7) # [(true).Bool], y
    |=> - r("G", 7) * [(5404319552844595/18014398509481984).PosRat] + r("y", 0)
    # [(true).Bool] | not [(2).NzNat] < r("G", 5) and not [(5).NzNat] < r("G",
    5) and not [(5).NzNat] < r("G", 6) and not [(5).NzNat] < r("G", 7) and not
    [(7/2).PosRat] < r("G", 6) and not r("G", 5) < [(0).Zero] and not r("G", 6)
    < [(3/2).PosRat] and not r("G", 6) < r("G", 5) and not r("G", 7) < r("G",
    6) and r("G", 7) === [(5).NzNat] and r("mode", 0) === [(2).NzNat] | < "G",
    8,5 >

Solution 6 (state 58)
states: 59  rewrites: 8440
RESULT:BATransResult --> loc([(2).NzNat]) | on1 |-> ([(0).Zero] # b(0) : [(
    true).Bool]), on2 |-> ([(0).Zero] # b(1) : [(true).Bool]), off1 |-> ([(
    0).Zero] # b(2) : [(true).Bool]), off2 |-> ([(0).Zero] # b(3) : [(
    true).Bool]), a |-> [(3/4).PosRat] + - r("G", 5) * [(
    3602879701896397/18014398509481984).PosRat] + [(
    3602879701896397/18014398509481984).PosRat] * r("G", 5) + [(
    3602879701896397/18014398509481984).PosRat] * r("G", 6) # [(true).Bool], b
    |-> - r("G", 5) * [(5404319552844595/18014398509481984).PosRat] + r("y", 0)
    # [(true).Bool] | x |=> [(3/4).PosRat] + - r("G", 5) * [(
    3602879701896397/18014398509481984).PosRat] + - r("G", 6) * [(
    3602879701896397/18014398509481984).PosRat] + [(
    3602879701896397/18014398509481984).PosRat] * r("G", 5) + [(
    3602879701896397/18014398509481984).PosRat] * r("G", 6) + [(
    3602879701896397/18014398509481984).PosRat] * r("G", 7) # [(true).Bool], y
    |=> - r("G", 7) * [(5404319552844595/18014398509481984).PosRat] + r("y", 0)
    # [(true).Bool] | not [(2).NzNat] < r("G", 6) and not [(5).NzNat] < r("G",
    5) and not [(5).NzNat] < r("G", 6) and not [(5).NzNat] < r("G", 7) and not
    [(7/2).PosRat] < r("G", 5) and not r("G", 5) < [(0).Zero] and not r("G", 5)
    < [(3/2).PosRat] and not r("G", 6) < [(0).Zero] and not r("G", 6) < r("G",
    5) and not r("G", 7) < r("G", 6) and r("G", 7) === [(5).NzNat] and r(
    "mode", 0) === [(2).NzNat] | < "G",8,5 >

Solution 7 (state 59)
states: 60  rewrites: 8923
RESULT:BATransResult --> loc([(3).NzNat]) | on1 |-> ([(0).Zero] # b(0) : [(
    true).Bool]), on2 |-> ([(0).Zero] # b(1) : [(true).Bool]), off1 |-> ([(
    0).Zero] # b(2) : [(true).Bool]), off2 |-> ([(0).Zero] # b(3) : [(
    true).Bool]), a |-> [(3/4).PosRat] + [(
    3602879701896397/18014398509481984).PosRat] * r("G", 5) # [(true).Bool], b
    |-> - r("G", 5) * [(1/2).PosRat] + [(1/2).PosRat] * r("G", 5) + [(
    1/2).PosRat] * r("G", 6) + r("y", 0) # [(true).Bool] | x |=> [(3/4).PosRat]
    + - r("G", 5) * [(3602879701896397/18014398509481984).PosRat] + - r("G", 6)
    * [(3602879701896397/18014398509481984).PosRat] + [(
    3602879701896397/18014398509481984).PosRat] * r("G", 5) + [(
    3602879701896397/18014398509481984).PosRat] * r("G", 6) + [(
    3602879701896397/18014398509481984).PosRat] * r("G", 7) # [(true).Bool], y
    |=> - r("G", 5) * [(1/2).PosRat] + - r("G", 6) * [(1/2).PosRat] + [(
    1/2).PosRat] * r("G", 5) + [(1/2).PosRat] * r("G", 6) + [(1/2).PosRat] * r(
    "G", 7) + r("y", 0) # [(true).Bool] | not [(2).NzNat] < r("G", 5) and not [
    (5).NzNat] < r("G", 5) and not [(5).NzNat] < r("G", 6) and not [(5).NzNat]
    < r("G", 7) and not [(7/2).PosRat] < r("G", 6) and not r("G", 5) < [(
    0).Zero] and not r("G", 6) < [(3/2).PosRat] and not r("G", 6) < r("G", 5)
    and not r("G", 7) < r("G", 6) and r("G", 7) === [(5).NzNat] and r("mode",
    0) === [(3).NzNat] | < "G",8,5 >

Solution 8 (state 60)
states: 61  rewrites: 9406
RESULT:BATransResult --> loc([(3).NzNat]) | on1 |-> ([(0).Zero] # b(0) : [(
    true).Bool]), on2 |-> ([(0).Zero] # b(1) : [(true).Bool]), off1 |-> ([(
    0).Zero] # b(2) : [(true).Bool]), off2 |-> ([(0).Zero] # b(3) : [(
    true).Bool]), a |-> [(3/4).PosRat] + - r("G", 5) * [(
    3602879701896397/18014398509481984).PosRat] + [(
    3602879701896397/18014398509481984).PosRat] * r("G", 5) + [(
    3602879701896397/18014398509481984).PosRat] * r("G", 6) # [(true).Bool], b
    |-> [(1/2).PosRat] * r("G", 5) + r("y", 0) # [(true).Bool] | x |=> [(
    3/4).PosRat] + - r("G", 5) * [(3602879701896397/18014398509481984).PosRat]
    + - r("G", 6) * [(3602879701896397/18014398509481984).PosRat] + [(
    3602879701896397/18014398509481984).PosRat] * r("G", 5) + [(
    3602879701896397/18014398509481984).PosRat] * r("G", 6) + [(
    3602879701896397/18014398509481984).PosRat] * r("G", 7) # [(true).Bool], y
    |=> - r("G", 5) * [(1/2).PosRat] + - r("G", 6) * [(1/2).PosRat] + [(
    1/2).PosRat] * r("G", 5) + [(1/2).PosRat] * r("G", 6) + [(1/2).PosRat] * r(
    "G", 7) + r("y", 0) # [(true).Bool] | not [(2).NzNat] < r("G", 6) and not [
    (5).NzNat] < r("G", 5) and not [(5).NzNat] < r("G", 6) and not [(5).NzNat]
    < r("G", 7) and not [(7/2).PosRat] < r("G", 5) and not r("G", 5) < [(
    0).Zero] and not r("G", 5) < [(3/2).PosRat] and not r("G", 6) < [(0).Zero]
    and not r("G", 6) < r("G", 5) and not r("G", 7) < r("G", 6) and r("G", 7)
    === [(5).NzNat] and r("mode", 0) === [(3).NzNat] | < "G",8,5 >

No more solutions.
states: 61  rewrites: 9655
Bye.
