==========================================
reduce in TEST-BEHAVIOR-EXPRESSION-SEMANTICS : eval([[(true).Bool]], bcf) .
rewrites: 4
result DataContent: [(true).Bool] # [(true).Bool]
==========================================
reduce in TEST-BEHAVIOR-EXPRESSION-SEMANTICS : eval([[1.2]], bcf) .
rewrites: 5
result DataContent: [(5404319552844595/4503599627370496).PosRat] # [(
    true).Bool]
==========================================
reduce in TEST-BEHAVIOR-EXPRESSION-SEMANTICS : eval(v[x], bcf) .
rewrites: 5
result DataContent: [(2).NzNat] # [(true).Bool]
==========================================
reduce in TEST-BEHAVIOR-EXPRESSION-SEMANTICS : eval(p[
    TimingProperties::Period], bcf) .
rewrites: 10
result DataContent: [(8458323050155213/140737488355328).PosRat] # [(true).Bool]
==========================================
reduce in TEST-BEHAVIOR-EXPRESSION-SEMANTICS : eval(f[a], bcf) .
rewrites: 6
result DataContent: [(100).NzNat] # b(0)
==========================================
reduce in TEST-BEHAVIOR-EXPRESSION-SEMANTICS : eval(count(a), bcf) .
rewrites: 8
result DataContent: ([(true).Bool] ? [(1).NzNat] : [(0).Zero]) # b(0)
==========================================
reduce in TEST-BEHAVIOR-EXPRESSION-SEMANTICS : eval(fresh(a), bcf) .
rewrites: 6
result DataContent: [(true).Bool] # b(0)
==========================================
reduce in TEST-BEHAVIOR-EXPRESSION-SEMANTICS : eval(c[cr], bcf) .
rewrites: 5
result DataContent: [(3/4).PosRat] # b(1)
==========================================
reduce in TEST-BEHAVIOR-EXPRESSION-SEMANTICS : eval([[1.2]] + [[
    2.2999999999999998]], bcf) .
rewrites: 67
result DataContent: [(15762598695796735/4503599627370496).PosRat] # [(
    true).Bool]
==========================================
reduce in TEST-BEHAVIOR-EXPRESSION-SEMANTICS : eval(v[x] * p[
    TimingProperties::Period], bcf) .
rewrites: 57
result DataContent: [(8458323050155213/70368744177664).PosRat] # [(true).Bool]
==========================================
reduce in TEST-BEHAVIOR-EXPRESSION-SEMANTICS : eval((abs(f[a]) > v[x]) or (
    count(a) > c[cr]), bcf) .
rewrites: 52
result DataContent: ([(2).NzNat] < ([(true).Bool] ? [(100).NzNat] : [(
    -100).NzInt]) or [(3/4).PosRat] < ([(true).Bool] ? [(1).NzNat] : [(
    0).Zero])) # (b(0) and b(1))
==========================================
reduce in TEST-BEHAVIOR-ACTION-SEMANTICS : execAction({(v{x} := ([[(4).NzNat]]
    + [[(6).NzNat]])) ; skip}, bcf) .
rewrites: 75
result BehaviorConf: const([(true).Bool]) local((x |-> [(10).NzNat] # [(
    true).Bool]) ; y |-> [(4).NzNat] # b(0)) feature((a |-> ([(100).NzNat] # b(
    1) : [(true).Bool]), b |-> * # b(2))) data(cr |=> [(3/4).PosRat] # b(2))
    prop(TimingProperties::Period => {{6.0100000000000001e+1}}) lbound(5)
==========================================
search in TEST-BEHAVIOR-ACTION-SEMANTICS : execAction({if(v[x] > [[(
    3).NzNat]]){(f{a} := (v[x] - [[(1).NzNat]])) ; b !} else f{a} := (v[x] + [[
    (1).NzNat]]) end if ; v{y} := ((v[y] * v[x]) + [[(1).NzNat]])}, bcf') =>+
    CF:BehaviorConf .

Solution 1 (state 1)
states: 2  rewrites: 74
CF:BehaviorConf --> const(b(0) and [(3).NzNat] < r(0)) local((x |-> r(0) # b(
    0)) ; y |-> [(1).NzNat] + r(0) * r(1) # [(true).Bool]) feature((a |-> r(0)
    + [(-1).NzInt] # [(true).Bool], b |-> * # [(true).Bool])) data(cr |=> [(
    3/4).PosRat] # b(2)) prop(TimingProperties::Period => {{
    6.0100000000000001e+1}}) lbound(5)

Solution 2 (state 2)
states: 3  rewrites: 135
CF:BehaviorConf --> const(not [(3).NzNat] < r(0) and b(0)) local((x |-> r(0) #
    b(0)) ; y |-> [(1).NzNat] + r(0) * r(1) # [(true).Bool]) feature((a |-> r(
    0) + [(1).NzNat] # [(true).Bool], b |-> * # [(false).Bool])) data(cr |=> [(
    3/4).PosRat] # b(2)) prop(TimingProperties::Period => {{
    6.0100000000000001e+1}}) lbound(5)

No more solutions.
states: 3  rewrites: 135
==========================================
search in TEST-BEHAVIOR-ACTION-SEMANTICS : execAction({if(v[x] > [[(
    3).NzNat]])v{x} := (v[x] - [[(1).NzNat]]) else v{x} := (v[x] + [[(
    1).NzNat]]) end if ; v{y} := ((v[y] * v[x]) + [[(1).NzNat]])}, bcf') =>+
    CF:BehaviorConf .

Solution 1 (state 1)
states: 2  rewrites: 80
CF:BehaviorConf --> const(b(0) and [(3).NzNat] < r(0)) local((x |-> r(0) + [(
    -1).NzInt] # [(true).Bool]) ; y |-> [(1).NzNat] + r(0) * r(1) + r(1) * [(
    -1).NzInt] # [(true).Bool]) feature((a |-> (r(2) + [(1).NzNat] # b(1) : [(
    true).Bool]), b |-> * # [(false).Bool])) data(cr |=> [(3/4).PosRat] # b(2))
    prop(TimingProperties::Period => {{6.0100000000000001e+1}}) lbound(5)

Solution 2 (state 2)
states: 3  rewrites: 158
CF:BehaviorConf --> const(not [(3).NzNat] < r(0) and b(0)) local((x |-> r(0) +
    [(1).NzNat] # [(true).Bool]) ; y |-> [(1).NzNat] + r(0) * r(1) + r(1) * [(
    1).NzNat] # [(true).Bool]) feature((a |-> (r(2) + [(1).NzNat] # b(1) : [(
    true).Bool]), b |-> * # [(false).Bool])) data(cr |=> [(3/4).PosRat] # b(2))
    prop(TimingProperties::Period => {{6.0100000000000001e+1}}) lbound(5)

No more solutions.
states: 3  rewrites: 158
==========================================
search in TEST-BEHAVIOR-ACTION-SEMANTICS : execAction({if(v[x] > [[(
    3).NzNat]])(v{x} := (v[x] - [[(1).NzNat]])) (elsif(v[y] < [[(4).NzNat]])v{
    y} := (v[x] + [[(3).NzNat]])) else v{x} := (v[x] + [[(1).NzNat]]) end if ;
    (v{y} := (v[y] + f[a])) ; v{x} := (f[a] + p[TimingProperties::Period])},
    bcf') =>+ CF:BehaviorConf .

Solution 1 (state 1)
states: 2  rewrites: 115
CF:BehaviorConf --> const(b(0) and b(1) and [(3).NzNat] < r(0)) local((x |-> r(
    2) + [(8599060538510541/140737488355328).PosRat] # [(true).Bool]) ; y |->
    r(1) + r(2) + [(1).NzNat] # [(true).Bool]) feature((a |-> (r(2) + [(
    1).NzNat] # b(1) : [(true).Bool]), b |-> * # [(false).Bool])) data(cr |=> [
    (3/4).PosRat] # b(2)) prop(TimingProperties::Period => {{
    6.0100000000000001e+1}}) lbound(5)

Solution 2 (state 3)
states: 4  rewrites: 251
CF:BehaviorConf --> const(not [(3).NzNat] < r(0) and b(0) and b(1) and r(1) < [
    (4).NzNat]) local((x |-> r(2) + [(8599060538510541/140737488355328).PosRat]
    # [(true).Bool]) ; y |-> r(0) + r(2) + [(4).NzNat] # [(true).Bool])
    feature((a |-> (r(2) + [(1).NzNat] # b(1) : [(true).Bool]), b |-> * # [(
    false).Bool])) data(cr |=> [(3/4).PosRat] # b(2)) prop(
    TimingProperties::Period => {{6.0100000000000001e+1}}) lbound(5)

Solution 3 (state 4)
states: 5  rewrites: 348
CF:BehaviorConf --> const(not r(1) < [(4).NzNat] and not [(3).NzNat] < r(0) and
    b(0) and b(1)) local((x |-> r(2) + [(
    8599060538510541/140737488355328).PosRat] # [(true).Bool]) ; y |-> r(1) +
    r(2) + [(1).NzNat] # [(true).Bool]) feature((a |-> (r(2) + [(1).NzNat] # b(
    1) : [(true).Bool]), b |-> * # [(false).Bool])) data(cr |=> [(3/4).PosRat]
    # b(2)) prop(TimingProperties::Period => {{6.0100000000000001e+1}}) lbound(
    5)

No more solutions.
states: 5  rewrites: 348
==========================================
search in TEST-BEHAVIOR-ACTION-SEMANTICS : execAction({while(v[x] > [[(
    5).NzNat]]){(v{x} := (v[x] - [[(1).NzNat]])) ; v{y} := (v[y] + [[(
    2).NzNat]])} ; (v{y} := (v[y] + f[a])) ; v{x} := (f[a] + p[
    TimingProperties::Period])}, bcf') =>+ CF:BehaviorConf .

Solution 1 (state 2)
states: 3  rewrites: 138
CF:BehaviorConf --> const(not [(5).NzNat] < r(0) and b(0) and b(1)) local((x
    |-> r(2) + [(8599060538510541/140737488355328).PosRat] # [(true).Bool]) ; y
    |-> r(1) + r(2) + [(1).NzNat] # [(true).Bool]) feature((a |-> (r(2) + [(
    1).NzNat] # b(1) : [(true).Bool]), b |-> * # [(false).Bool])) data(cr |=> [
    (3/4).PosRat] # b(2)) prop(TimingProperties::Period => {{
    6.0100000000000001e+1}}) lbound(5)

Solution 2 (state 4)
states: 5  rewrites: 355
CF:BehaviorConf --> const(not [(5).NzNat] < r(0) + [(-1).NzInt] and b(0) and b(
    1) and [(5).NzNat] < r(0)) local((x |-> r(2) + [(
    8599060538510541/140737488355328).PosRat] # [(true).Bool]) ; y |-> r(1) +
    r(2) + [(3).NzNat] # [(true).Bool]) feature((a |-> (r(2) + [(1).NzNat] # b(
    1) : [(true).Bool]), b |-> * # [(false).Bool])) data(cr |=> [(3/4).PosRat]
    # b(2)) prop(TimingProperties::Period => {{6.0100000000000001e+1}}) lbound(
    4)

Solution 3 (state 6)
states: 7  rewrites: 579
CF:BehaviorConf --> const(not [(5).NzNat] < r(0) + [(-2).NzInt] and b(0) and b(
    1) and [(5).NzNat] < r(0) and [(5).NzNat] < r(0) + [(-1).NzInt]) local((x
    |-> r(2) + [(8599060538510541/140737488355328).PosRat] # [(true).Bool]) ; y
    |-> r(1) + r(2) + [(5).NzNat] # [(true).Bool]) feature((a |-> (r(2) + [(
    1).NzNat] # b(1) : [(true).Bool]), b |-> * # [(false).Bool])) data(cr |=> [
    (3/4).PosRat] # b(2)) prop(TimingProperties::Period => {{
    6.0100000000000001e+1}}) lbound(3)

Solution 4 (state 8)
states: 9  rewrites: 803
CF:BehaviorConf --> const(not [(5).NzNat] < r(0) + [(-3).NzInt] and b(0) and b(
    1) and [(5).NzNat] < r(0) and [(5).NzNat] < r(0) + [(-1).NzInt] and [(
    5).NzNat] < r(0) + [(-2).NzInt]) local((x |-> r(2) + [(
    8599060538510541/140737488355328).PosRat] # [(true).Bool]) ; y |-> r(1) +
    r(2) + [(7).NzNat] # [(true).Bool]) feature((a |-> (r(2) + [(1).NzNat] # b(
    1) : [(true).Bool]), b |-> * # [(false).Bool])) data(cr |=> [(3/4).PosRat]
    # b(2)) prop(TimingProperties::Period => {{6.0100000000000001e+1}}) lbound(
    2)

Solution 5 (state 10)
states: 11  rewrites: 1020
CF:BehaviorConf --> const(not [(5).NzNat] < r(0) + [(-4).NzInt] and b(0) and b(
    1) and [(5).NzNat] < r(0) and [(5).NzNat] < r(0) + [(-1).NzInt] and [(
    5).NzNat] < r(0) + [(-2).NzInt] and [(5).NzNat] < r(0) + [(-3).NzInt])
    local((x |-> r(2) + [(8599060538510541/140737488355328).PosRat] # [(
    true).Bool]) ; y |-> r(1) + r(2) + [(9).NzNat] # [(true).Bool]) feature((a
    |-> (r(2) + [(1).NzNat] # b(1) : [(true).Bool]), b |-> * # [(false).Bool]))
    data(cr |=> [(3/4).PosRat] # b(2)) prop(TimingProperties::Period => {{
    6.0100000000000001e+1}}) lbound(1)

Solution 6 (state 11)
states: 12  rewrites: 1124
CF:BehaviorConf --> const(not [(5).NzNat] < r(0) + [(-5).NzInt] and b(0) and b(
    1) and [(5).NzNat] < r(0) and [(5).NzNat] < r(0) + [(-1).NzInt] and [(
    5).NzNat] < r(0) + [(-2).NzInt] and [(5).NzNat] < r(0) + [(-3).NzInt] and [
    (5).NzNat] < r(0) + [(-4).NzInt]) local((x |-> r(2) + [(
    8599060538510541/140737488355328).PosRat] # [(true).Bool]) ; y |-> r(1) +
    r(2) + [(11).NzNat] # [(true).Bool]) feature((a |-> (r(2) + [(1).NzNat] #
    b(1) : [(true).Bool]), b |-> * # [(false).Bool])) data(cr |=> [(
    3/4).PosRat] # b(2)) prop(TimingProperties::Period => {{
    6.0100000000000001e+1}}) lbound(0)

No more solutions.
states: 12  rewrites: 1124
==========================================
search in TEST-BEHAVIOR-ACTION-SEMANTICS : execAction({while(v[x] > [[(
    5).NzNat]]){while(v[y] < [[(10).NzNat]]){(c{cr} := (v[x] + [[(1).NzNat]]))
    ; v{y} := (v[y] + [[(2).NzNat]])} ; v{x} := (v[x] - [[(1).NzNat]])} ; (v{y}
    := (v[y] + f[a])) ; v{x} := (f[a] + p[TimingProperties::Period])}, bcf')
    =>+ CF:BehaviorConf .

Solution 1 (state 2)
states: 3  rewrites: 90
CF:BehaviorConf --> const(not [(5).NzNat] < r(0) and b(0) and b(1)) local((x
    |-> r(2) + [(8599060538510541/140737488355328).PosRat] # [(true).Bool]) ; y
    |-> r(1) + r(2) + [(1).NzNat] # [(true).Bool]) feature((a |-> (r(2) + [(
    1).NzNat] # b(1) : [(true).Bool]), b |-> * # [(false).Bool])) data(cr |=> [
    (3/4).PosRat] # b(2)) prop(TimingProperties::Period => {{
    6.0100000000000001e+1}}) lbound(5)

Solution 2 (state 8)
states: 9  rewrites: 433
CF:BehaviorConf --> const(not r(1) < [(10).NzNat] and not [(5).NzNat] < r(0) +
    [(-1).NzInt] and b(0) and b(1) and [(5).NzNat] < r(0)) local((x |-> r(2) +
    [(8599060538510541/140737488355328).PosRat] # [(true).Bool]) ; y |-> r(1) +
    r(2) + [(1).NzNat] # [(true).Bool]) feature((a |-> (r(2) + [(1).NzNat] # b(
    1) : [(true).Bool]), b |-> * # [(false).Bool])) data(cr |=> [(3/4).PosRat]
    # b(2)) prop(TimingProperties::Period => {{6.0100000000000001e+1}}) lbound(
    4)

Solution 3 (state 12)
states: 13  rewrites: 670
CF:BehaviorConf --> const(not [(5).NzNat] < r(0) + [(-1).NzInt] and not r(1) +
    [(2).NzNat] < [(10).NzNat] and b(0) and b(1) and r(1) < [(10).NzNat] and [(
    5).NzNat] < r(0)) local((x |-> r(2) + [(
    8599060538510541/140737488355328).PosRat] # [(true).Bool]) ; y |-> r(1) +
    r(2) + [(3).NzNat] # [(true).Bool]) feature((a |-> (r(2) + [(1).NzNat] # b(
    1) : [(true).Bool]), b |-> * # [(false).Bool])) data(cr |=> r(0) + [(
    1).NzNat] # [(true).Bool]) prop(TimingProperties::Period => {{
    6.0100000000000001e+1}}) lbound(3)

Solution 4 (state 18)
states: 19  rewrites: 1098
CF:BehaviorConf --> const(not [(5).NzNat] < r(0) + [(-1).NzInt] and not r(1) +
    [(4).NzNat] < [(10).NzNat] and b(0) and b(1) and r(1) < [(10).NzNat] and [(
    5).NzNat] < r(0) and r(1) + [(2).NzNat] < [(10).NzNat]) local((x |-> r(2) +
    [(8599060538510541/140737488355328).PosRat] # [(true).Bool]) ; y |-> r(1) +
    r(2) + [(5).NzNat] # [(true).Bool]) feature((a |-> (r(2) + [(1).NzNat] # b(
    1) : [(true).Bool]), b |-> * # [(false).Bool])) data(cr |=> r(0) + [(
    1).NzNat] # [(true).Bool]) prop(TimingProperties::Period => {{
    6.0100000000000001e+1}}) lbound(2)

Solution 5 (state 23)
states: 24  rewrites: 1565
CF:BehaviorConf --> const(not r(1) < [(10).NzNat] and not [(5).NzNat] < r(0) +
    [(-2).NzInt] and b(0) and b(1) and [(5).NzNat] < r(0) and [(5).NzNat] < r(
    0) + [(-1).NzInt]) local((x |-> r(2) + [(
    8599060538510541/140737488355328).PosRat] # [(true).Bool]) ; y |-> r(1) +
    r(2) + [(1).NzNat] # [(true).Bool]) feature((a |-> (r(2) + [(1).NzNat] # b(
    1) : [(true).Bool]), b |-> * # [(false).Bool])) data(cr |=> [(3/4).PosRat]
    # b(2)) prop(TimingProperties::Period => {{6.0100000000000001e+1}}) lbound(
    3)

Solution 6 (state 26)
states: 27  rewrites: 1724
CF:BehaviorConf --> const(not [(5).NzNat] < r(0) + [(-1).NzInt] and not r(1) +
    [(6).NzNat] < [(10).NzNat] and b(0) and b(1) and r(1) < [(10).NzNat] and [(
    5).NzNat] < r(0) and r(1) + [(2).NzNat] < [(10).NzNat] and r(1) + [(
    4).NzNat] < [(10).NzNat]) local((x |-> r(2) + [(
    8599060538510541/140737488355328).PosRat] # [(true).Bool]) ; y |-> r(1) +
    r(2) + [(7).NzNat] # [(true).Bool]) feature((a |-> (r(2) + [(1).NzNat] # b(
    1) : [(true).Bool]), b |-> * # [(false).Bool])) data(cr |=> r(0) + [(
    1).NzNat] # [(true).Bool]) prop(TimingProperties::Period => {{
    6.0100000000000001e+1}}) lbound(1)

Solution 7 (state 31)
states: 32  rewrites: 2200
CF:BehaviorConf --> const(not [(5).NzNat] < r(0) + [(-2).NzInt] and not r(1) +
    [(2).NzNat] < [(10).NzNat] and b(0) and b(1) and r(1) < [(10).NzNat] and [(
    5).NzNat] < r(0) and [(5).NzNat] < r(0) + [(-1).NzInt]) local((x |-> r(2) +
    [(8599060538510541/140737488355328).PosRat] # [(true).Bool]) ; y |-> r(1) +
    r(2) + [(3).NzNat] # [(true).Bool]) feature((a |-> (r(2) + [(1).NzNat] # b(
    1) : [(true).Bool]), b |-> * # [(false).Bool])) data(cr |=> r(0) + [(
    1).NzNat] # [(true).Bool]) prop(TimingProperties::Period => {{
    6.0100000000000001e+1}}) lbound(2)

Solution 8 (state 33)
states: 34  rewrites: 2316
CF:BehaviorConf --> const([(false).Bool]) local((x |-> r(2) + [(
    8599060538510541/140737488355328).PosRat] # [(true).Bool]) ; y |-> r(1) +
    r(2) + [(3).NzNat] # [(true).Bool]) feature((a |-> (r(2) + [(1).NzNat] # b(
    1) : [(true).Bool]), b |-> * # [(false).Bool])) data(cr |=> r(0) # [(
    true).Bool]) prop(TimingProperties::Period => {{6.0100000000000001e+1}})
    lbound(2)

Solution 9 (state 36)
states: 37  rewrites: 2584
CF:BehaviorConf --> const(not [(5).NzNat] < r(0) + [(-1).NzInt] and not r(1) +
    [(8).NzNat] < [(10).NzNat] and b(0) and b(1) and r(1) < [(10).NzNat] and [(
    5).NzNat] < r(0) and r(1) + [(2).NzNat] < [(10).NzNat] and r(1) + [(
    4).NzNat] < [(10).NzNat] and r(1) + [(6).NzNat] < [(10).NzNat]) local((x
    |-> r(2) + [(8599060538510541/140737488355328).PosRat] # [(true).Bool]) ; y
    |-> r(1) + r(2) + [(9).NzNat] # [(true).Bool]) feature((a |-> (r(2) + [(
    1).NzNat] # b(1) : [(true).Bool]), b |-> * # [(false).Bool])) data(cr |=>
    r(0) + [(1).NzNat] # [(true).Bool]) prop(TimingProperties::Period => {{
    6.0100000000000001e+1}}) lbound(0)

Solution 10 (state 40)
states: 41  rewrites: 2833
CF:BehaviorConf --> const(not [(5).NzNat] < r(0) + [(-2).NzInt] and not r(1) +
    [(4).NzNat] < [(10).NzNat] and b(0) and b(1) and r(1) < [(10).NzNat] and [(
    5).NzNat] < r(0) and [(5).NzNat] < r(0) + [(-1).NzInt] and r(1) + [(
    2).NzNat] < [(10).NzNat]) local((x |-> r(2) + [(
    8599060538510541/140737488355328).PosRat] # [(true).Bool]) ; y |-> r(1) +
    r(2) + [(5).NzNat] # [(true).Bool]) feature((a |-> (r(2) + [(1).NzNat] # b(
    1) : [(true).Bool]), b |-> * # [(false).Bool])) data(cr |=> r(0) + [(
    1).NzNat] # [(true).Bool]) prop(TimingProperties::Period => {{
    6.0100000000000001e+1}}) lbound(1)

Solution 11 (state 42)
states: 43  rewrites: 2949
CF:BehaviorConf --> const([(false).Bool]) local((x |-> r(2) + [(
    8599060538510541/140737488355328).PosRat] # [(true).Bool]) ; y |-> r(1) +
    r(2) + [(5).NzNat] # [(true).Bool]) feature((a |-> (r(2) + [(1).NzNat] # b(
    1) : [(true).Bool]), b |-> * # [(false).Bool])) data(cr |=> r(0) # [(
    true).Bool]) prop(TimingProperties::Period => {{6.0100000000000001e+1}})
    lbound(1)

Solution 12 (state 48)
states: 49  rewrites: 3598
CF:BehaviorConf --> const(not r(1) < [(10).NzNat] and not [(5).NzNat] < r(0) +
    [(-3).NzInt] and b(0) and b(1) and [(5).NzNat] < r(0) and [(5).NzNat] < r(
    0) + [(-1).NzInt] and [(5).NzNat] < r(0) + [(-2).NzInt]) local((x |-> r(2)
    + [(8599060538510541/140737488355328).PosRat] # [(true).Bool]) ; y |-> r(1)
    + r(2) + [(1).NzNat] # [(true).Bool]) feature((a |-> (r(2) + [(1).NzNat] #
    b(1) : [(true).Bool]), b |-> * # [(false).Bool])) data(cr |=> [(
    3/4).PosRat] # b(2)) prop(TimingProperties::Period => {{
    6.0100000000000001e+1}}) lbound(2)

Solution 13 (state 49)
states: 50  rewrites: 3687
CF:BehaviorConf --> const(not [(5).NzNat] < r(0) + [(-2).NzInt] and not r(1) +
    [(6).NzNat] < [(10).NzNat] and b(0) and b(1) and r(1) < [(10).NzNat] and [(
    5).NzNat] < r(0) and [(5).NzNat] < r(0) + [(-1).NzInt] and r(1) + [(
    2).NzNat] < [(10).NzNat] and r(1) + [(4).NzNat] < [(10).NzNat]) local((x
    |-> r(2) + [(8599060538510541/140737488355328).PosRat] # [(true).Bool]) ; y
    |-> r(1) + r(2) + [(7).NzNat] # [(true).Bool]) feature((a |-> (r(2) + [(
    1).NzNat] # b(1) : [(true).Bool]), b |-> * # [(false).Bool])) data(cr |=>
    r(0) + [(1).NzNat] # [(true).Bool]) prop(TimingProperties::Period => {{
    6.0100000000000001e+1}}) lbound(0)

Solution 14 (state 50)
states: 51  rewrites: 3778
CF:BehaviorConf --> const([(false).Bool]) local((x |-> r(2) + [(
    8599060538510541/140737488355328).PosRat] # [(true).Bool]) ; y |-> r(1) +
    r(2) + [(7).NzNat] # [(true).Bool]) feature((a |-> (r(2) + [(1).NzNat] # b(
    1) : [(true).Bool]), b |-> * # [(false).Bool])) data(cr |=> r(0) # [(
    true).Bool]) prop(TimingProperties::Period => {{6.0100000000000001e+1}})
    lbound(0)

Solution 15 (state 55)
states: 56  rewrites: 4099
CF:BehaviorConf --> const(not [(5).NzNat] < r(0) + [(-3).NzInt] and not r(1) +
    [(2).NzNat] < [(10).NzNat] and b(0) and b(1) and r(1) < [(10).NzNat] and [(
    5).NzNat] < r(0) and [(5).NzNat] < r(0) + [(-1).NzInt] and [(5).NzNat] < r(
    0) + [(-2).NzInt]) local((x |-> r(2) + [(
    8599060538510541/140737488355328).PosRat] # [(true).Bool]) ; y |-> r(1) +
    r(2) + [(3).NzNat] # [(true).Bool]) feature((a |-> (r(2) + [(1).NzNat] # b(
    1) : [(true).Bool]), b |-> * # [(false).Bool])) data(cr |=> r(0) + [(
    1).NzNat] # [(true).Bool]) prop(TimingProperties::Period => {{
    6.0100000000000001e+1}}) lbound(1)

Solution 16 (state 57)
states: 58  rewrites: 4215
CF:BehaviorConf --> const([(false).Bool]) local((x |-> r(2) + [(
    8599060538510541/140737488355328).PosRat] # [(true).Bool]) ; y |-> r(1) +
    r(2) + [(3).NzNat] # [(true).Bool]) feature((a |-> (r(2) + [(1).NzNat] # b(
    1) : [(true).Bool]), b |-> * # [(false).Bool])) data(cr |=> r(0) # [(
    true).Bool]) prop(TimingProperties::Period => {{6.0100000000000001e+1}})
    lbound(1)

Solution 17 (state 59)
states: 60  rewrites: 4331
CF:BehaviorConf --> const([(false).Bool]) local((x |-> r(2) + [(
    8599060538510541/140737488355328).PosRat] # [(true).Bool]) ; y |-> r(1) +
    r(2) + [(3).NzNat] # [(true).Bool]) feature((a |-> (r(2) + [(1).NzNat] # b(
    1) : [(true).Bool]), b |-> * # [(false).Bool])) data(cr |=> r(0) + [(
    -1).NzInt] # [(true).Bool]) prop(TimingProperties::Period => {{
    6.0100000000000001e+1}}) lbound(1)

Solution 18 (state 62)
states: 63  rewrites: 4588
CF:BehaviorConf --> const(not [(5).NzNat] < r(0) + [(-3).NzInt] and not r(1) +
    [(4).NzNat] < [(10).NzNat] and b(0) and b(1) and r(1) < [(10).NzNat] and [(
    5).NzNat] < r(0) and [(5).NzNat] < r(0) + [(-1).NzInt] and [(5).NzNat] < r(
    0) + [(-2).NzInt] and r(1) + [(2).NzNat] < [(10).NzNat]) local((x |-> r(2)
    + [(8599060538510541/140737488355328).PosRat] # [(true).Bool]) ; y |-> r(1)
    + r(2) + [(5).NzNat] # [(true).Bool]) feature((a |-> (r(2) + [(1).NzNat] #
    b(1) : [(true).Bool]), b |-> * # [(false).Bool])) data(cr |=> r(0) + [(
    1).NzNat] # [(true).Bool]) prop(TimingProperties::Period => {{
    6.0100000000000001e+1}}) lbound(0)

Solution 19 (state 63)
states: 64  rewrites: 4679
CF:BehaviorConf --> const([(false).Bool]) local((x |-> r(2) + [(
    8599060538510541/140737488355328).PosRat] # [(true).Bool]) ; y |-> r(1) +
    r(2) + [(5).NzNat] # [(true).Bool]) feature((a |-> (r(2) + [(1).NzNat] # b(
    1) : [(true).Bool]), b |-> * # [(false).Bool])) data(cr |=> r(0) # [(
    true).Bool]) prop(TimingProperties::Period => {{6.0100000000000001e+1}})
    lbound(0)

Solution 20 (state 64)
states: 65  rewrites: 4770
CF:BehaviorConf --> const([(false).Bool]) local((x |-> r(2) + [(
    8599060538510541/140737488355328).PosRat] # [(true).Bool]) ; y |-> r(1) +
    r(2) + [(5).NzNat] # [(true).Bool]) feature((a |-> (r(2) + [(1).NzNat] # b(
    1) : [(true).Bool]), b |-> * # [(false).Bool])) data(cr |=> r(0) + [(
    -1).NzInt] # [(true).Bool]) prop(TimingProperties::Period => {{
    6.0100000000000001e+1}}) lbound(0)

Solution 21 (state 70)
states: 71  rewrites: 5154
CF:BehaviorConf --> const(not r(1) < [(10).NzNat] and not [(5).NzNat] < r(0) +
    [(-4).NzInt] and b(0) and b(1) and [(5).NzNat] < r(0) and [(5).NzNat] < r(
    0) + [(-1).NzInt] and [(5).NzNat] < r(0) + [(-2).NzInt] and [(5).NzNat] <
    r(0) + [(-3).NzInt]) local((x |-> r(2) + [(
    8599060538510541/140737488355328).PosRat] # [(true).Bool]) ; y |-> r(1) +
    r(2) + [(1).NzNat] # [(true).Bool]) feature((a |-> (r(2) + [(1).NzNat] # b(
    1) : [(true).Bool]), b |-> * # [(false).Bool])) data(cr |=> [(3/4).PosRat]
    # b(2)) prop(TimingProperties::Period => {{6.0100000000000001e+1}}) lbound(
    1)

Solution 22 (state 71)
states: 72  rewrites: 5243
CF:BehaviorConf --> const(not [(5).NzNat] < r(0) + [(-4).NzInt] and not r(1) +
    [(2).NzNat] < [(10).NzNat] and b(0) and b(1) and r(1) < [(10).NzNat] and [(
    5).NzNat] < r(0) and [(5).NzNat] < r(0) + [(-1).NzInt] and [(5).NzNat] < r(
    0) + [(-2).NzInt] and [(5).NzNat] < r(0) + [(-3).NzInt]) local((x |-> r(2)
    + [(8599060538510541/140737488355328).PosRat] # [(true).Bool]) ; y |-> r(1)
    + r(2) + [(3).NzNat] # [(true).Bool]) feature((a |-> (r(2) + [(1).NzNat] #
    b(1) : [(true).Bool]), b |-> * # [(false).Bool])) data(cr |=> r(0) + [(
    1).NzNat] # [(true).Bool]) prop(TimingProperties::Period => {{
    6.0100000000000001e+1}}) lbound(0)

Solution 23 (state 72)
states: 73  rewrites: 5334
CF:BehaviorConf --> const([(false).Bool]) local((x |-> r(2) + [(
    8599060538510541/140737488355328).PosRat] # [(true).Bool]) ; y |-> r(1) +
    r(2) + [(3).NzNat] # [(true).Bool]) feature((a |-> (r(2) + [(1).NzNat] # b(
    1) : [(true).Bool]), b |-> * # [(false).Bool])) data(cr |=> r(0) # [(
    true).Bool]) prop(TimingProperties::Period => {{6.0100000000000001e+1}})
    lbound(0)

Solution 24 (state 73)
states: 74  rewrites: 5425
CF:BehaviorConf --> const([(false).Bool]) local((x |-> r(2) + [(
    8599060538510541/140737488355328).PosRat] # [(true).Bool]) ; y |-> r(1) +
    r(2) + [(3).NzNat] # [(true).Bool]) feature((a |-> (r(2) + [(1).NzNat] # b(
    1) : [(true).Bool]), b |-> * # [(false).Bool])) data(cr |=> r(0) + [(
    -1).NzInt] # [(true).Bool]) prop(TimingProperties::Period => {{
    6.0100000000000001e+1}}) lbound(0)

Solution 25 (state 74)
states: 75  rewrites: 5516
CF:BehaviorConf --> const([(false).Bool]) local((x |-> r(2) + [(
    8599060538510541/140737488355328).PosRat] # [(true).Bool]) ; y |-> r(1) +
    r(2) + [(3).NzNat] # [(true).Bool]) feature((a |-> (r(2) + [(1).NzNat] # b(
    1) : [(true).Bool]), b |-> * # [(false).Bool])) data(cr |=> r(0) + [(
    -2).NzInt] # [(true).Bool]) prop(TimingProperties::Period => {{
    6.0100000000000001e+1}}) lbound(0)

Solution 26 (state 76)
states: 77  rewrites: 5660
CF:BehaviorConf --> const(not r(1) < [(10).NzNat] and not [(5).NzNat] < r(0) +
    [(-5).NzInt] and b(0) and b(1) and [(5).NzNat] < r(0) and [(5).NzNat] < r(
    0) + [(-1).NzInt] and [(5).NzNat] < r(0) + [(-2).NzInt] and [(5).NzNat] <
    r(0) + [(-3).NzInt] and [(5).NzNat] < r(0) + [(-4).NzInt]) local((x |-> r(
    2) + [(8599060538510541/140737488355328).PosRat] # [(true).Bool]) ; y |->
    r(1) + r(2) + [(1).NzNat] # [(true).Bool]) feature((a |-> (r(2) + [(
    1).NzNat] # b(1) : [(true).Bool]), b |-> * # [(false).Bool])) data(cr |=> [
    (3/4).PosRat] # b(2)) prop(TimingProperties::Period => {{
    6.0100000000000001e+1}}) lbound(0)

No more solutions.
states: 77  rewrites: 5660
Bye.
